Archive member included to satisfy reference by file (symbol)

d:/stm32environment/arm/bin/../lib/gcc/arm-none-eabi/10.3.1/thumb/v7e-m/nofp\libgcc.a(_arm_muldf3.o)
                              CMakeFiles/A_6500.elf.dir/Data_Process/process.c.obj (__aeabi_dmul)
d:/stm32environment/arm/bin/../lib/gcc/arm-none-eabi/10.3.1/thumb/v7e-m/nofp\libgcc.a(_arm_mulsf3.o)
                              CMakeFiles/A_6500.elf.dir/Data_Process/process.c.obj (__aeabi_fmul)
d:/stm32environment/arm/bin/../lib/gcc/arm-none-eabi/10.3.1/thumb/v7e-m/nofp\libgcc.a(_arm_addsubdf3.o)
                              CMakeFiles/A_6500.elf.dir/Data_Process/process.c.obj (__aeabi_dsub)
d:/stm32environment/arm/bin/../lib/gcc/arm-none-eabi/10.3.1/thumb/v7e-m/nofp\libgcc.a(_arm_muldivdf3.o)
                              CMakeFiles/A_6500.elf.dir/filter/kalman.c.obj (__aeabi_ddiv)
d:/stm32environment/arm/bin/../lib/gcc/arm-none-eabi/10.3.1/thumb/v7e-m/nofp\libgcc.a(_arm_truncdfsf2.o)
                              CMakeFiles/A_6500.elf.dir/Data_Process/process.c.obj (__aeabi_d2f)
d:/stm32environment/arm/bin/../lib/gcc/arm-none-eabi/10.3.1/thumb/v7e-m/nofp\libgcc.a(_arm_addsubsf3.o)
                              CMakeFiles/A_6500.elf.dir/Data_Process/process.c.obj (__aeabi_fsub)
d:/stm32environment/arm/bin/../lib/gcc/arm-none-eabi/10.3.1/thumb/v7e-m/nofp\libgcc.a(_arm_muldivsf3.o)
                              CMakeFiles/A_6500.elf.dir/Data_Process/process.c.obj (__aeabi_fdiv)
d:/stm32environment/arm/bin/../lib/gcc/arm-none-eabi/10.3.1/thumb/v7e-m/nofp\libgcc.a(_arm_cmpsf2.o)
                              CMakeFiles/A_6500.elf.dir/Data_Process/process.c.obj (__aeabi_fcmpeq)
d:/stm32environment/arm/bin/../lib/gcc/arm-none-eabi/10.3.1/thumb/v7e-m/nofp\libgcc.a(_aeabi_uldivmod.o)
                              CMakeFiles/A_6500.elf.dir/Drivers/STM32F4xx_HAL_Driver/Src/stm32f4xx_hal_rcc.c.obj (__aeabi_uldivmod)
d:/stm32environment/arm/bin/../lib/gcc/arm-none-eabi/10.3.1/thumb/v7e-m/nofp\libgcc.a(_udivmoddi4.o)
                              d:/stm32environment/arm/bin/../lib/gcc/arm-none-eabi/10.3.1/thumb/v7e-m/nofp\libgcc.a(_aeabi_uldivmod.o) (__udivmoddi4)
d:/stm32environment/arm/bin/../lib/gcc/arm-none-eabi/10.3.1/thumb/v7e-m/nofp\libgcc.a(_dvmd_tls.o)
                              d:/stm32environment/arm/bin/../lib/gcc/arm-none-eabi/10.3.1/thumb/v7e-m/nofp\libgcc.a(_aeabi_uldivmod.o) (__aeabi_ldiv0)
d:/stm32environment/arm/bin/../lib/gcc/arm-none-eabi/10.3.1/../../../../arm-none-eabi/lib/thumb/v7e-m/nofp\libg.a(lib_a-errno.o)
                              CMakeFiles/A_6500.elf.dir/Core/Src/syscalls.c.obj (__errno)
d:/stm32environment/arm/bin/../lib/gcc/arm-none-eabi/10.3.1/../../../../arm-none-eabi/lib/thumb/v7e-m/nofp\libg.a(lib_a-exit.o)
                              d:/stm32environment/arm/bin/../lib/gcc/arm-none-eabi/10.3.1/../../../../arm-none-eabi/lib/thumb/v7e-m/nofp/crt0.o (exit)
d:/stm32environment/arm/bin/../lib/gcc/arm-none-eabi/10.3.1/../../../../arm-none-eabi/lib/thumb/v7e-m/nofp\libg.a(lib_a-impure.o)
                              d:/stm32environment/arm/bin/../lib/gcc/arm-none-eabi/10.3.1/../../../../arm-none-eabi/lib/thumb/v7e-m/nofp\libg.a(lib_a-exit.o) (_global_impure_ptr)
d:/stm32environment/arm/bin/../lib/gcc/arm-none-eabi/10.3.1/../../../../arm-none-eabi/lib/thumb/v7e-m/nofp\libg.a(lib_a-init.o)
                              d:/stm32environment/arm/bin/../lib/gcc/arm-none-eabi/10.3.1/../../../../arm-none-eabi/lib/thumb/v7e-m/nofp/crt0.o (__libc_init_array)
d:/stm32environment/arm/bin/../lib/gcc/arm-none-eabi/10.3.1/../../../../arm-none-eabi/lib/thumb/v7e-m/nofp\libg.a(lib_a-memset.o)
                              d:/stm32environment/arm/bin/../lib/gcc/arm-none-eabi/10.3.1/../../../../arm-none-eabi/lib/thumb/v7e-m/nofp/crt0.o (memset)
d:/stm32environment/arm/bin/../lib/gcc/arm-none-eabi/10.3.1/../../../../arm-none-eabi/lib/thumb/v7e-m/nofp\libg.a(lib_a-sprintf.o)
                              CMakeFiles/A_6500.elf.dir/Core/Src/main.c.obj (sprintf)
d:/stm32environment/arm/bin/../lib/gcc/arm-none-eabi/10.3.1/../../../../arm-none-eabi/lib/thumb/v7e-m/nofp\libg.a(lib_a-svfprintf.o)
                              d:/stm32environment/arm/bin/../lib/gcc/arm-none-eabi/10.3.1/../../../../arm-none-eabi/lib/thumb/v7e-m/nofp\libg.a(lib_a-sprintf.o) (_svfprintf_r)
d:/stm32environment/arm/bin/../lib/gcc/arm-none-eabi/10.3.1/../../../../arm-none-eabi/lib/thumb/v7e-m/nofp\libg.a(lib_a-__call_atexit.o)
                              d:/stm32environment/arm/bin/../lib/gcc/arm-none-eabi/10.3.1/../../../../arm-none-eabi/lib/thumb/v7e-m/nofp\libg.a(lib_a-exit.o) (__call_exitprocs)
d:/stm32environment/arm/bin/../lib/gcc/arm-none-eabi/10.3.1/../../../../arm-none-eabi/lib/thumb/v7e-m/nofp\libg.a(lib_a-atexit.o)
                              d:/stm32environment/arm/bin/../lib/gcc/arm-none-eabi/10.3.1/../../../../arm-none-eabi/lib/thumb/v7e-m/nofp\libg.a(lib_a-__call_atexit.o) (atexit)
[...]
Memory Configuration

Name             Origin             Length             Attributes
CCMRAM           0x10000000         0x00010000         xrw
RAM              0x20000000         0x00030000         xrw
FLASH            0x08000000         0x00200000         xr
*default*        0x00000000         0xffffffff

Linker script and memory map

LOAD d:/stm32environment/arm/bin/../lib/gcc/arm-none-eabi/10.3.1/thumb/v7e-m/nofp/crti.o
LOAD d:/stm32environment/arm/bin/../lib/gcc/arm-none-eabi/10.3.1/thumb/v7e-m/nofp/crtbegin.o
LOAD d:/stm32environment/arm/bin/../lib/gcc/arm-none-eabi/10.3.1/../../../../arm-none-eabi/lib/thumb/v7e-m/nofp/crt0.o
LOAD CMakeFiles/A_6500.elf.dir/Core/Src/gpio.c.obj
LOAD CMakeFiles/A_6500.elf.dir/Core/Src/main.c.obj
LOAD CMakeFiles/A_6500.elf.dir/Core/Src/spi.c.obj
LOAD CMakeFiles/A_6500.elf.dir/Core/Src/stm32f4xx_hal_msp.c.obj
LOAD CMakeFiles/A_6500.elf.dir/Core/Src/stm32f4xx_it.c.obj
LOAD CMakeFiles/A_6500.elf.dir/Core/Src/syscalls.c.obj
LOAD CMakeFiles/A_6500.elf.dir/Core/Src/sysmem.c.obj
LOAD CMakeFiles/A_6500.elf.dir/Core/Src/system_stm32f4xx.c.obj
LOAD CMakeFiles/A_6500.elf.dir/Core/Src/usart.c.obj
LOAD CMakeFiles/A_6500.elf.dir/Core/Startup/startup_stm32f427iihx.s.obj
LOAD CMakeFiles/A_6500.elf.dir/Data_Process/process.c.obj
LOAD CMakeFiles/A_6500.elf.dir/Drivers/STM32F4xx_HAL_Driver/Src/stm32f4xx_hal.c.obj
LOAD CMakeFiles/A_6500.elf.dir/Drivers/STM32F4xx_HAL_Driver/Src/stm32f4xx_hal_cortex.c.obj
LOAD CMakeFiles/A_6500.elf.dir/Drivers/STM32F4xx_HAL_Driver/Src/stm32f4xx_hal_dma.c.obj
LOAD CMakeFiles/A_6500.elf.dir/Drivers/STM32F4xx_HAL_Driver/Src/stm32f4xx_hal_dma_ex.c.obj
LOAD CMakeFiles/A_6500.elf.dir/Drivers/STM32F4xx_HAL_Driver/Src/stm32f4xx_hal_exti.c.obj
LOAD CMakeFiles/A_6500.elf.dir/Drivers/STM32F4xx_HAL_Driver/Src/stm32f4xx_hal_flash.c.obj
LOAD CMakeFiles/A_6500.elf.dir/Drivers/STM32F4xx_HAL_Driver/Src/stm32f4xx_hal_flash_ex.c.obj
LOAD CMakeFiles/A_6500.elf.dir/Drivers/STM32F4xx_HAL_Driver/Src/stm32f4xx_hal_flash_ramfunc.c.obj
LOAD CMakeFiles/A_6500.elf.dir/Drivers/STM32F4xx_HAL_Driver/Src/stm32f4xx_hal_gpio.c.obj
LOAD CMakeFiles/A_6500.elf.dir/Drivers/STM32F4xx_HAL_Driver/Src/stm32f4xx_hal_pwr.c.obj
LOAD CMakeFiles/A_6500.elf.dir/Drivers/STM32F4xx_HAL_Driver/Src/stm32f4xx_hal_pwr_ex.c.obj
LOAD CMakeFiles/A_6500.elf.dir/Drivers/STM32F4xx_HAL_Driver/Src/stm32f4xx_hal_rcc.c.obj
LOAD CMakeFiles/A_6500.elf.dir/Drivers/STM32F4xx_HAL_Driver/Src/stm32f4xx_hal_rcc_ex.c.obj
LOAD CMakeFiles/A_6500.elf.dir/Drivers/STM32F4xx_HAL_Driver/Src/stm32f4xx_hal_spi.c.obj
LOAD CMakeFiles/A_6500.elf.dir/Drivers/STM32F4xx_HAL_Driver/Src/stm32f4xx_hal_tim.c.obj
LOAD CMakeFiles/A_6500.elf.dir/Drivers/STM32F4xx_HAL_Driver/Src/stm32f4xx_hal_tim_ex.c.obj
LOAD CMakeFiles/A_6500.elf.dir/Drivers/STM32F4xx_HAL_Driver/Src/stm32f4xx_hal_uart.c.obj
LOAD CMakeFiles/A_6500.elf.dir/IST8310/ist8310.c.obj
LOAD CMakeFiles/A_6500.elf.dir/MPU6500/mpu6500.c.obj
LOAD CMakeFiles/A_6500.elf.dir/filter/kalman.c.obj
START GROUP
LOAD d:/stm32environment/arm/bin/../lib/gcc/arm-none-eabi/10.3.1/thumb/v7e-m/nofp\libgcc.a
LOAD d:/stm32environment/arm/bin/../lib/gcc/arm-none-eabi/10.3.1/../../../../arm-none-eabi/lib/thumb/v7e-m/nofp\libg.a
LOAD d:/stm32environment/arm/bin/../lib/gcc/arm-none-eabi/10.3.1/../../../../arm-none-eabi/lib/thumb/v7e-m/nofp\libc.a
END GROUP
LOAD d:/stm32environment/arm/bin/../lib/gcc/arm-none-eabi/10.3.1/thumb/v7e-m/nofp/crtend.o
LOAD d:/stm32environment/arm/bin/../lib/gcc/arm-none-eabi/10.3.1/thumb/v7e-m/nofp/crtn.o
                0x20030000                _estack = (ORIGIN (RAM) + LENGTH (RAM))
                0x00000200                _Min_Heap_Size = 0x200
                0x00000400                _Min_Stack_Size = 0x400

.isr_vector     0x08000000      0x1ac
                0x08000000                . = ALIGN (0x4)
 *(.isr_vector)
 .isr_vector    0x08000000      0x1ac CMakeFiles/A_6500.elf.dir/Core/Startup/startup_stm32f427iihx.s.obj
                0x08000000                g_pfnVectors
                0x080001ac                . = ALIGN (0x4)

.text           0x080001c0     0xacb8
                0x080001c0                . = ALIGN (0x4)
 *(.text)
 .text          0x080001c0       0x40 d:/stm32environment/arm/bin/../lib/gcc/arm-none-eabi/10.3.1/thumb/v7e-m/nofp/crtbegin.o
 .text          0x08000200      0x378 d:/stm32environment/arm/bin/../lib/gcc/arm-none-eabi/10.3.1/thumb/v7e-m/nofp\libgcc.a(_arm_addsubdf3.o)
                0x08000200                __aeabi_drsub
                0x08000208                __aeabi_dsub
                0x08000208                __subdf3
                0x0800020c                __aeabi_dadd
                0x0800020c                __adddf3
                0x08000484                __floatunsidf
                0x08000484                __aeabi_ui2d
                0x080004a4                __floatsidf
                0x080004a4                __aeabi_i2d
                0x080004c8                __aeabi_f2d
                0x080004c8                __extendsfdf2
                0x0800050c                __floatundidf
                0x0800050c                __aeabi_ul2d
                0x0800051c                __floatdidf
                0x0800051c                __aeabi_l2d
 .text          0x08000578      0x424 d:/stm32environment/arm/bin/../lib/gcc/arm-none-eabi/10.3.1/thumb/v7e-m/nofp\libgcc.a(_arm_muldivdf3.o)
                0x08000578                __aeabi_dmul
                0x08000578                __muldf3
                0x080007cc                __divdf3
                0x080007cc                __aeabi_ddiv
 .text          0x0800099c       0xa0 d:/stm32environment/arm/bin/../lib/gcc/arm-none-eabi/10.3.1/thumb/v7e-m/nofp\libgcc.a(_arm_truncdfsf2.o)
                0x0800099c                __truncdfsf2
                0x0800099c                __aeabi_d2f
 .text          0x08000a3c      0x21c d:/stm32environment/arm/bin/../lib/gcc/arm-none-eabi/10.3.1/thumb/v7e-m/nofp\libgcc.a(_arm_addsubsf3.o)
                0x08000a3c                __aeabi_frsub
                0x08000a44                __subsf3
                0x08000a44                __aeabi_fsub
                0x08000a48                __aeabi_fadd
                0x08000a48                __addsf3
                0x08000ba8                __aeabi_ui2f
                0x08000ba8                __floatunsisf
                0x08000bb0                __aeabi_i2f
                0x08000bb0                __floatsisf
                0x08000bcc                __aeabi_ul2f
                0x08000bcc                __floatundisf
                0x08000bdc                __aeabi_l2f
                0x08000bdc                __floatdisf
 .text          0x08000c58      0x2a0 d:/stm32environment/arm/bin/../lib/gcc/arm-none-eabi/10.3.1/thumb/v7e-m/nofp\libgcc.a(_arm_muldivsf3.o)
                0x08000c58                __mulsf3
                0x08000c58                __aeabi_fmul
                0x08000dc0                __aeabi_fdiv
                0x08000dc0                __divsf3
 .text          0x08000ef8       0xec d:/stm32environment/arm/bin/../lib/gcc/arm-none-eabi/10.3.1/thumb/v7e-m/nofp\libgcc.a(_arm_cmpsf2.o)
                0x08000ef8                __gesf2
                0x08000ef8                __gtsf2
                0x08000f00                __lesf2
                0x08000f00                __ltsf2
                0x08000f08                __nesf2
                0x08000f08                __eqsf2
                0x08000f08                __cmpsf2
                0x08000f68                __aeabi_cfrcmple
                0x08000f70                __aeabi_cfcmpeq
                0x08000f70                __aeabi_cfcmple
                0x08000f80                __aeabi_fcmpeq
                0x08000f94                __aeabi_fcmplt
                0x08000fa8                __aeabi_fcmple
                0x08000fbc                __aeabi_fcmpge
                0x08000fd0                __aeabi_fcmpgt
 .text          0x08000fe4       0x30 d:/stm32environment/arm/bin/../lib/gcc/arm-none-eabi/10.3.1/thumb/v7e-m/nofp\libgcc.a(_aeabi_uldivmod.o)
                0x08000fe4                __aeabi_uldivmod
 .text          0x08001014      0x2d0 d:/stm32environment/arm/bin/../lib/gcc/arm-none-eabi/10.3.1/thumb/v7e-m/nofp\libgcc.a(_udivmoddi4.o)
                0x08001014                __udivmoddi4
 .text          0x080012e4        0x4 d:/stm32environment/arm/bin/../lib/gcc/arm-none-eabi/10.3.1/thumb/v7e-m/nofp\libgcc.a(_dvmd_tls.o)
                0x080012e4                __aeabi_idiv0
                0x080012e4                __aeabi_ldiv0
 *fill*         0x080012e8        0x8 
 .text          0x080012f0       0xa0 d:/stm32environment/arm/bin/../lib/gcc/arm-none-eabi/10.3.1/../../../../arm-none-eabi/lib/thumb/v7e-m/nofp\libg.a(lib_a-memchr.o)
                0x080012f0                memchr
 .text          0x08001390      0x134 d:/stm32environment/arm/bin/../lib/gcc/arm-none-eabi/10.3.1/../../../../arm-none-eabi/lib/thumb/v7e-m/nofp\libg.a(lib_a-memcpy.o)
                0x08001390                memcpy
 *fill*         0x080014c4       0x3c 
 .text          0x08001500       0xdc d:/stm32environment/arm/bin/../lib/gcc/arm-none-eabi/10.3.1/../../../../arm-none-eabi/lib/thumb/v7e-m/nofp\libg.a(lib_a-strlen.o)
                0x08001500                strlen
 .text          0x080015dc      0x110 d:/stm32environment/arm/bin/../lib/gcc/arm-none-eabi/10.3.1/thumb/v7e-m/nofp\libgcc.a(_arm_cmpdf2.o)
                0x080015dc                __gtdf2
                0x080015dc                __gedf2
                0x080015e4                __ltdf2
                0x080015e4                __ledf2
                0x080015ec                __nedf2
                0x080015ec                __eqdf2
                0x080015ec                __cmpdf2
                0x08001668                __aeabi_cdrcmple
                0x08001678                __aeabi_cdcmpeq
                0x08001678                __aeabi_cdcmple
                0x08001688                __aeabi_dcmpeq
                0x0800169c                __aeabi_dcmplt
                0x080016b0                __aeabi_dcmple
                0x080016c4                __aeabi_dcmpge
                0x080016d8                __aeabi_dcmpgt
 .text          0x080016ec       0x2c d:/stm32environment/arm/bin/../lib/gcc/arm-none-eabi/10.3.1/thumb/v7e-m/nofp\libgcc.a(_arm_unorddf2.o)
                0x080016ec                __unorddf2
                0x080016ec                __aeabi_dcmpun
 .text          0x08001718       0x50 d:/stm32environment/arm/bin/../lib/gcc/arm-none-eabi/10.3.1/thumb/v7e-m/nofp\libgcc.a(_arm_fixdfsi.o)
                0x08001718                __aeabi_d2iz
                0x08001718                __fixdfsi
 *(.text*)
 .text.MX_GPIO_Init
                0x08001768       0x90 CMakeFiles/A_6500.elf.dir/Core/Src/gpio.c.obj
                0x08001768                MX_GPIO_Init
 .text.Error_Handler
                0x080017f8        0x4 CMakeFiles/A_6500.elf.dir/Core/Src/main.c.obj
                0x080017f8                Error_Handler
 .text.SystemClock_Config
                0x080017fc       0xb4 CMakeFiles/A_6500.elf.dir/Core/Src/main.c.obj
                0x080017fc                SystemClock_Config
 .text.main     0x080018b0       0x80 CMakeFiles/A_6500.elf.dir/Core/Src/main.c.obj
                0x080018b0                main
 .text.MX_SPI5_Init
                0x08001930       0x48 CMakeFiles/A_6500.elf.dir/Core/Src/spi.c.obj
                0x08001930                MX_SPI5_Init
 .text.HAL_SPI_MspInit
                0x08001978       0x70 CMakeFiles/A_6500.elf.dir/Core/Src/spi.c.obj
                0x08001978                HAL_SPI_MspInit
 .text.HAL_MspInit
                0x080019e8       0x38 CMakeFiles/A_6500.elf.dir/Core/Src/stm32f4xx_hal_msp.c.obj
                0x080019e8                HAL_MspInit
 .text.NMI_Handler
                0x08001a20        0x2 CMakeFiles/A_6500.elf.dir/Core/Src/stm32f4xx_it.c.obj
                0x08001a20                NMI_Handler
 .text.HardFault_Handler
                0x08001a22        0x2 CMakeFiles/A_6500.elf.dir/Core/Src/stm32f4xx_it.c.obj
                0x08001a22                HardFault_Handler
 .text.MemManage_Handler
                0x08001a24        0x2 CMakeFiles/A_6500.elf.dir/Core/Src/stm32f4xx_it.c.obj
                0x08001a24                MemManage_Handler
 .text.BusFault_Handler
                0x08001a26        0x2 CMakeFiles/A_6500.elf.dir/Core/Src/stm32f4xx_it.c.obj
                0x08001a26                BusFault_Handler
 .text.UsageFault_Handler
                0x08001a28        0x2 CMakeFiles/A_6500.elf.dir/Core/Src/stm32f4xx_it.c.obj
                0x08001a28                UsageFault_Handler
 .text.SVC_Handler
                0x08001a2a        0x2 CMakeFiles/A_6500.elf.dir/Core/Src/stm32f4xx_it.c.obj
                0x08001a2a                SVC_Handler
 .text.DebugMon_Handler
                0x08001a2c        0x2 CMakeFiles/A_6500.elf.dir/Core/Src/stm32f4xx_it.c.obj
                0x08001a2c                DebugMon_Handler
 .text.PendSV_Handler
                0x08001a2e        0x2 CMakeFiles/A_6500.elf.dir/Core/Src/stm32f4xx_it.c.obj
                0x08001a2e                PendSV_Handler
 .text.SysTick_Handler
                0x08001a30        0x8 CMakeFiles/A_6500.elf.dir/Core/Src/stm32f4xx_it.c.obj
                0x08001a30                SysTick_Handler
 .text.USART6_IRQHandler
                0x08001a38       0x10 CMakeFiles/A_6500.elf.dir/Core/Src/stm32f4xx_it.c.obj
                0x08001a38                USART6_IRQHandler
 .text._getpid  0x08001a48        0x4 CMakeFiles/A_6500.elf.dir/Core/Src/syscalls.c.obj
                0x08001a48                _getpid
 .text._kill    0x08001a4c       0x10 CMakeFiles/A_6500.elf.dir/Core/Src/syscalls.c.obj
                0x08001a4c                _kill
 .text._exit    0x08001a5c        0xc CMakeFiles/A_6500.elf.dir/Core/Src/syscalls.c.obj
                0x08001a5c                _exit
 .text._read    0x08001a68       0x20 CMakeFiles/A_6500.elf.dir/Core/Src/syscalls.c.obj
                0x08001a68                _read
 .text._write   0x08001a88       0x1c CMakeFiles/A_6500.elf.dir/Core/Src/syscalls.c.obj
                0x08001a88                _write
 .text._close   0x08001aa4        0x6 CMakeFiles/A_6500.elf.dir/Core/Src/syscalls.c.obj
                0x08001aa4                _close
 .text._fstat   0x08001aaa        0xa CMakeFiles/A_6500.elf.dir/Core/Src/syscalls.c.obj
                0x08001aaa                _fstat
 .text._isatty  0x08001ab4        0x4 CMakeFiles/A_6500.elf.dir/Core/Src/syscalls.c.obj
                0x08001ab4                _isatty
 .text._lseek   0x08001ab8        0x4 CMakeFiles/A_6500.elf.dir/Core/Src/syscalls.c.obj
                0x08001ab8                _lseek
 .text._sbrk    0x08001abc       0x48 CMakeFiles/A_6500.elf.dir/Core/Src/sysmem.c.obj
                0x08001abc                _sbrk
 .text.SystemInit
                0x08001b04        0x2 CMakeFiles/A_6500.elf.dir/Core/Src/system_stm32f4xx.c.obj
                0x08001b04                SystemInit
 *fill*         0x08001b06        0x2 
 .text.MX_USART6_UART_Init
                0x08001b08       0x34 CMakeFiles/A_6500.elf.dir/Core/Src/usart.c.obj
                0x08001b08                MX_USART6_UART_Init
 .text.HAL_UART_MspInit
                0x08001b3c       0x80 CMakeFiles/A_6500.elf.dir/Core/Src/usart.c.obj
                0x08001b3c                HAL_UART_MspInit
 .text.Reset_Handler
                0x08001bbc       0x50 CMakeFiles/A_6500.elf.dir/Core/Startup/startup_stm32f427iihx.s.obj
                0x08001bbc                Reset_Handler
 .text.Default_Handler
                0x08001c0c        0x2 CMakeFiles/A_6500.elf.dir/Core/Startup/startup_stm32f427iihx.s.obj
                0x08001c0c                RTC_Alarm_IRQHandler
                0x08001c0c                HASH_RNG_IRQHandler
                0x08001c0c                EXTI2_IRQHandler
                0x08001c0c                TIM8_CC_IRQHandler
                0x08001c0c                UART8_IRQHandler
                0x08001c0c                SPI4_IRQHandler
                0x08001c0c                TIM1_CC_IRQHandler
                0x08001c0c                DMA2_Stream5_IRQHandler
                0x08001c0c                DMA1_Stream5_IRQHandler
                0x08001c0c                PVD_IRQHandler
                0x08001c0c                SDIO_IRQHandler
                0x08001c0c                TAMP_STAMP_IRQHandler
                0x08001c0c                CAN2_RX1_IRQHandler
                0x08001c0c                EXTI3_IRQHandler
                0x08001c0c                TIM8_TRG_COM_TIM14_IRQHandler
                0x08001c0c                TIM1_UP_TIM10_IRQHandler
                0x08001c0c                TIM8_UP_TIM13_IRQHandler
                0x08001c0c                I2C3_ER_IRQHandler
                0x08001c0c                EXTI0_IRQHandler
                0x08001c0c                I2C2_EV_IRQHandler
                0x08001c0c                DMA1_Stream2_IRQHandler
                0x08001c0c                CAN1_RX0_IRQHandler
                0x08001c0c                FPU_IRQHandler
                0x08001c0c                OTG_HS_WKUP_IRQHandler
                0x08001c0c                CAN2_SCE_IRQHandler
                0x08001c0c                DMA2_Stream2_IRQHandler
                0x08001c0c                SPI1_IRQHandler
                0x08001c0c                TIM6_DAC_IRQHandler
                0x08001c0c                TIM1_BRK_TIM9_IRQHandler
                0x08001c0c                DCMI_IRQHandler
                0x08001c0c                CAN2_RX0_IRQHandler
                0x08001c0c                DMA2_Stream3_IRQHandler
                0x08001c0c                USART3_IRQHandler
                0x08001c0c                CAN1_RX1_IRQHandler
                0x08001c0c                UART5_IRQHandler
                0x08001c0c                DMA2_Stream0_IRQHandler
                0x08001c0c                TIM4_IRQHandler
                0x08001c0c                I2C1_EV_IRQHandler
                0x08001c0c                DMA1_Stream6_IRQHandler
                0x08001c0c                DMA1_Stream1_IRQHandler
                0x08001c0c                UART4_IRQHandler
                0x08001c0c                TIM3_IRQHandler
                0x08001c0c                RCC_IRQHandler
                0x08001c0c                TIM8_BRK_TIM12_IRQHandler
                0x08001c0c                Default_Handler
                0x08001c0c                EXTI15_10_IRQHandler
                0x08001c0c                ADC_IRQHandler
                0x08001c0c                DMA1_Stream7_IRQHandler
                0x08001c0c                SPI5_IRQHandler
                0x08001c0c                TIM7_IRQHandler
                0x08001c0c                CAN2_TX_IRQHandler
                0x08001c0c                TIM5_IRQHandler
                0x08001c0c                DMA2_Stream7_IRQHandler
                0x08001c0c                I2C3_EV_IRQHandler
                0x08001c0c                EXTI9_5_IRQHandler
                0x08001c0c                RTC_WKUP_IRQHandler
                0x08001c0c                ETH_WKUP_IRQHandler
                0x08001c0c                SPI2_IRQHandler
                0x08001c0c                OTG_HS_EP1_IN_IRQHandler
                0x08001c0c                DMA1_Stream0_IRQHandler
                0x08001c0c                CAN1_TX_IRQHandler
                0x08001c0c                EXTI4_IRQHandler
                0x08001c0c                ETH_IRQHandler
                0x08001c0c                OTG_HS_EP1_OUT_IRQHandler
                0x08001c0c                WWDG_IRQHandler
                0x08001c0c                SPI6_IRQHandler
                0x08001c0c                TIM2_IRQHandler
                0x08001c0c                OTG_FS_WKUP_IRQHandler
                0x08001c0c                TIM1_TRG_COM_TIM11_IRQHandler
                0x08001c0c                OTG_HS_IRQHandler
                0x08001c0c                DMA2D_IRQHandler
                0x08001c0c                EXTI1_IRQHandler
                0x08001c0c                UART7_IRQHandler
                0x08001c0c                USART2_IRQHandler
                0x08001c0c                I2C2_ER_IRQHandler
                0x08001c0c                DMA2_Stream1_IRQHandler
                0x08001c0c                CAN1_SCE_IRQHandler
                0x08001c0c                FLASH_IRQHandler
                0x08001c0c                DMA2_Stream4_IRQHandler
                0x08001c0c                USART1_IRQHandler
                0x08001c0c                OTG_FS_IRQHandler
                0x08001c0c                SPI3_IRQHandler
                0x08001c0c                DMA1_Stream4_IRQHandler
                0x08001c0c                I2C1_ER_IRQHandler
                0x08001c0c                FMC_IRQHandler
                0x08001c0c                DMA2_Stream6_IRQHandler
                0x08001c0c                SAI1_IRQHandler
                0x08001c0c                DMA1_Stream3_IRQHandler
 *fill*         0x08001c0e        0x2 
 .text.IMUupdate1
                0x08001c10      0xa9c CMakeFiles/A_6500.elf.dir/Data_Process/process.c.obj
                0x08001c10                IMUupdate1
 .text.HAL_InitTick
                0x080026ac       0x4c CMakeFiles/A_6500.elf.dir/Drivers/STM32F4xx_HAL_Driver/Src/stm32f4xx_hal.c.obj
                0x080026ac                HAL_InitTick
 .text.HAL_Init
                0x080026f8       0x34 CMakeFiles/A_6500.elf.dir/Drivers/STM32F4xx_HAL_Driver/Src/stm32f4xx_hal.c.obj
                0x080026f8                HAL_Init
 .text.HAL_IncTick
                0x0800272c       0x18 CMakeFiles/A_6500.elf.dir/Drivers/STM32F4xx_HAL_Driver/Src/stm32f4xx_hal.c.obj
                0x0800272c                HAL_IncTick
 .text.HAL_GetTick
                0x08002744        0xc CMakeFiles/A_6500.elf.dir/Drivers/STM32F4xx_HAL_Driver/Src/stm32f4xx_hal.c.obj
                0x08002744                HAL_GetTick
 .text.HAL_Delay
                0x08002750       0x28 CMakeFiles/A_6500.elf.dir/Drivers/STM32F4xx_HAL_Driver/Src/stm32f4xx_hal.c.obj
                0x08002750                HAL_Delay
 .text.HAL_NVIC_SetPriorityGrouping
                0x08002778       0x24 CMakeFiles/A_6500.elf.dir/Drivers/STM32F4xx_HAL_Driver/Src/stm32f4xx_hal_cortex.c.obj
                0x08002778                HAL_NVIC_SetPriorityGrouping
 .text.HAL_NVIC_SetPriority
                0x0800279c       0x70 CMakeFiles/A_6500.elf.dir/Drivers/STM32F4xx_HAL_Driver/Src/stm32f4xx_hal_cortex.c.obj
                0x0800279c                HAL_NVIC_SetPriority
 .text.HAL_NVIC_EnableIRQ
                0x0800280c       0x1c CMakeFiles/A_6500.elf.dir/Drivers/STM32F4xx_HAL_Driver/Src/stm32f4xx_hal_cortex.c.obj
                0x0800280c                HAL_NVIC_EnableIRQ
 .text.HAL_SYSTICK_Config
                0x08002828       0x28 CMakeFiles/A_6500.elf.dir/Drivers/STM32F4xx_HAL_Driver/Src/stm32f4xx_hal_cortex.c.obj
                0x08002828                HAL_SYSTICK_Config
 .text.HAL_DMA_Abort
                0x08002850       0x94 CMakeFiles/A_6500.elf.dir/Drivers/STM32F4xx_HAL_Driver/Src/stm32f4xx_hal_dma.c.obj
                0x08002850                HAL_DMA_Abort
 .text.HAL_DMA_Abort_IT
                0x080028e4       0x26 CMakeFiles/A_6500.elf.dir/Drivers/STM32F4xx_HAL_Driver/Src/stm32f4xx_hal_dma.c.obj
                0x080028e4                HAL_DMA_Abort_IT
 *fill*         0x0800290a        0x2 
 .text.HAL_GPIO_Init
                0x0800290c      0x1fc CMakeFiles/A_6500.elf.dir/Drivers/STM32F4xx_HAL_Driver/Src/stm32f4xx_hal_gpio.c.obj
                0x0800290c                HAL_GPIO_Init
 .text.HAL_GPIO_WritePin
                0x08002b08        0xc CMakeFiles/A_6500.elf.dir/Drivers/STM32F4xx_HAL_Driver/Src/stm32f4xx_hal_gpio.c.obj
                0x08002b08                HAL_GPIO_WritePin
 .text.HAL_PWREx_EnableOverDrive
                0x08002b14       0x7c CMakeFiles/A_6500.elf.dir/Drivers/STM32F4xx_HAL_Driver/Src/stm32f4xx_hal_pwr_ex.c.obj
                0x08002b14                HAL_PWREx_EnableOverDrive
 .text.HAL_RCC_OscConfig
                0x08002b90      0x3f8 CMakeFiles/A_6500.elf.dir/Drivers/STM32F4xx_HAL_Driver/Src/stm32f4xx_hal_rcc.c.obj
                0x08002b90                HAL_RCC_OscConfig
 .text.HAL_RCC_GetSysClockFreq
                0x08002f88       0xa4 CMakeFiles/A_6500.elf.dir/Drivers/STM32F4xx_HAL_Driver/Src/stm32f4xx_hal_rcc.c.obj
                0x08002f88                HAL_RCC_GetSysClockFreq
 .text.HAL_RCC_ClockConfig
                0x0800302c      0x160 CMakeFiles/A_6500.elf.dir/Drivers/STM32F4xx_HAL_Driver/Src/stm32f4xx_hal_rcc.c.obj
                0x0800302c                HAL_RCC_ClockConfig
 .text.HAL_RCC_GetHCLKFreq
                0x0800318c        0xc CMakeFiles/A_6500.elf.dir/Drivers/STM32F4xx_HAL_Driver/Src/stm32f4xx_hal_rcc.c.obj
                0x0800318c                HAL_RCC_GetHCLKFreq
 .text.HAL_RCC_GetPCLK1Freq
                0x08003198       0x20 CMakeFiles/A_6500.elf.dir/Drivers/STM32F4xx_HAL_Driver/Src/stm32f4xx_hal_rcc.c.obj
                0x08003198                HAL_RCC_GetPCLK1Freq
 .text.HAL_RCC_GetPCLK2Freq
                0x080031b8       0x20 CMakeFiles/A_6500.elf.dir/Drivers/STM32F4xx_HAL_Driver/Src/stm32f4xx_hal_rcc.c.obj
                0x080031b8                HAL_RCC_GetPCLK2Freq
 .text.SPI_WaitFlagStateUntilTimeout
                0x080031d8       0xd4 CMakeFiles/A_6500.elf.dir/Drivers/STM32F4xx_HAL_Driver/Src/stm32f4xx_hal_spi.c.obj
 .text.SPI_EndRxTxTransaction
                0x080032ac       0x80 CMakeFiles/A_6500.elf.dir/Drivers/STM32F4xx_HAL_Driver/Src/stm32f4xx_hal_spi.c.obj
 .text.HAL_SPI_Init
                0x0800332c       0xbe CMakeFiles/A_6500.elf.dir/Drivers/STM32F4xx_HAL_Driver/Src/stm32f4xx_hal_spi.c.obj
                0x0800332c                HAL_SPI_Init
 .text.HAL_SPI_TransmitReceive
                0x080033ea      0x244 CMakeFiles/A_6500.elf.dir/Drivers/STM32F4xx_HAL_Driver/Src/stm32f4xx_hal_spi.c.obj
                0x080033ea                HAL_SPI_TransmitReceive
 .text.UART_EndRxTransfer
                0x0800362e       0x5c CMakeFiles/A_6500.elf.dir/Drivers/STM32F4xx_HAL_Driver/Src/stm32f4xx_hal_uart.c.obj
 .text.UART_Transmit_IT
                0x0800368a       0x60 CMakeFiles/A_6500.elf.dir/Drivers/STM32F4xx_HAL_Driver/Src/stm32f4xx_hal_uart.c.obj
 *fill*         0x080036ea        0x2 
 .text.UART_SetConfig
                0x080036ec      0x110 CMakeFiles/A_6500.elf.dir/Drivers/STM32F4xx_HAL_Driver/Src/stm32f4xx_hal_uart.c.obj
 .text.UART_WaitOnFlagUntilTimeout
                0x080037fc       0x8a CMakeFiles/A_6500.elf.dir/Drivers/STM32F4xx_HAL_Driver/Src/stm32f4xx_hal_uart.c.obj
 .text.HAL_UART_Init
                0x08003886       0x60 CMakeFiles/A_6500.elf.dir/Drivers/STM32F4xx_HAL_Driver/Src/stm32f4xx_hal_uart.c.obj
                0x08003886                HAL_UART_Init
 .text.HAL_UART_Transmit
                0x080038e6       0xcc CMakeFiles/A_6500.elf.dir/Drivers/STM32F4xx_HAL_Driver/Src/stm32f4xx_hal_uart.c.obj
                0x080038e6                HAL_UART_Transmit
 .text.HAL_UART_TxCpltCallback
                0x080039b2        0x2 CMakeFiles/A_6500.elf.dir/Drivers/STM32F4xx_HAL_Driver/Src/stm32f4xx_hal_uart.c.obj
                0x080039b2                HAL_UART_TxCpltCallback
 .text.UART_EndTransmit_IT
                0x080039b4       0x1a CMakeFiles/A_6500.elf.dir/Drivers/STM32F4xx_HAL_Driver/Src/stm32f4xx_hal_uart.c.obj
 .text.HAL_UART_RxCpltCallback
                0x080039ce        0x2 CMakeFiles/A_6500.elf.dir/Drivers/STM32F4xx_HAL_Driver/Src/stm32f4xx_hal_uart.c.obj
                0x080039ce                HAL_UART_RxCpltCallback
 .text.HAL_UART_ErrorCallback
                0x080039d0        0x2 CMakeFiles/A_6500.elf.dir/Drivers/STM32F4xx_HAL_Driver/Src/stm32f4xx_hal_uart.c.obj
                0x080039d0                HAL_UART_ErrorCallback
 .text.UART_DMAAbortOnError
                0x080039d2       0x10 CMakeFiles/A_6500.elf.dir/Drivers/STM32F4xx_HAL_Driver/Src/stm32f4xx_hal_uart.c.obj
 .text.HAL_UARTEx_RxEventCallback
                0x080039e2        0x2 CMakeFiles/A_6500.elf.dir/Drivers/STM32F4xx_HAL_Driver/Src/stm32f4xx_hal_uart.c.obj
                0x080039e2                HAL_UARTEx_RxEventCallback
 .text.UART_Receive_IT
                0x080039e4       0xe6 CMakeFiles/A_6500.elf.dir/Drivers/STM32F4xx_HAL_Driver/Src/stm32f4xx_hal_uart.c.obj
 *fill*         0x08003aca        0x2 
 .text.HAL_UART_IRQHandler
                0x08003acc      0x288 CMakeFiles/A_6500.elf.dir/Drivers/STM32F4xx_HAL_Driver/Src/stm32f4xx_hal_uart.c.obj
                0x08003acc                HAL_UART_IRQHandler
 .text.ist_reg_write_by_mpu
                0x08003d54       0x40 CMakeFiles/A_6500.elf.dir/IST8310/ist8310.c.obj
 .text.mpu_master_i2c_auto_read_config
                0x08003d94       0x8c CMakeFiles/A_6500.elf.dir/IST8310/ist8310.c.obj
 .text.ist_reg_read_by_mpu
                0x08003e20       0x38 CMakeFiles/A_6500.elf.dir/IST8310/ist8310.c.obj
 .text.ist8310_init
                0x08003e58      0x104 CMakeFiles/A_6500.elf.dir/IST8310/ist8310.c.obj
                0x08003e58                ist8310_init
 .text.ist8310_get_data
                0x08003f5c        0xe CMakeFiles/A_6500.elf.dir/IST8310/ist8310.c.obj
                0x08003f5c                ist8310_get_data
 *fill*         0x08003f6a        0x2 
 .text.MPU6500_GYRO_NS_L
                0x08003f6c       0x14 CMakeFiles/A_6500.elf.dir/MPU6500/mpu6500.c.obj
                0x08003f6c                MPU6500_GYRO_NS_L
 .text.MPU6500_GYRO_NS_H
                0x08003f80       0x14 CMakeFiles/A_6500.elf.dir/MPU6500/mpu6500.c.obj
                0x08003f80                MPU6500_GYRO_NS_H
 .text.mpu_write_byte
                0x08003f94       0x58 CMakeFiles/A_6500.elf.dir/MPU6500/mpu6500.c.obj
                0x08003f94                mpu_write_byte
 .text.mpu_set_gyro_fsr
                0x08003fec       0x10 CMakeFiles/A_6500.elf.dir/MPU6500/mpu6500.c.obj
                0x08003fec                mpu_set_gyro_fsr
 .text.mpu_set_accel_fsr
                0x08003ffc       0x10 CMakeFiles/A_6500.elf.dir/MPU6500/mpu6500.c.obj
                0x08003ffc                mpu_set_accel_fsr
 .text.mpu_read_byte
                0x0800400c       0x4c CMakeFiles/A_6500.elf.dir/MPU6500/mpu6500.c.obj
                0x0800400c                mpu_read_byte
 .text.mpu_read_bytes
                0x08004058       0x5c CMakeFiles/A_6500.elf.dir/MPU6500/mpu6500.c.obj
                0x08004058                mpu_read_bytes
 .text.mpu_get_data
                0x080040b4      0x15c CMakeFiles/A_6500.elf.dir/MPU6500/mpu6500.c.obj
                0x080040b4                mpu_get_data
 .text.mpu_offset_call
                0x08004210       0xdc CMakeFiles/A_6500.elf.dir/MPU6500/mpu6500.c.obj
                0x08004210                mpu_offset_call
 .text.mpu_device_init
                0x080042ec       0xa0 CMakeFiles/A_6500.elf.dir/MPU6500/mpu6500.c.obj
                0x080042ec                mpu_device_init
 .text.KalmanFilter
                0x0800438c       0x90 CMakeFiles/A_6500.elf.dir/filter/kalman.c.obj
                0x0800438c                KalmanFilter
 .text.__errno  0x0800441c        0xc d:/stm32environment/arm/bin/../lib/gcc/arm-none-eabi/10.3.1/../../../../arm-none-eabi/lib/thumb/v7e-m/nofp\libg.a(lib_a-errno.o)
                0x0800441c                __errno
 .text.__libc_init_array
                0x08004428       0x48 d:/stm32environment/arm/bin/../lib/gcc/arm-none-eabi/10.3.1/../../../../arm-none-eabi/lib/thumb/v7e-m/nofp\libg.a(lib_a-init.o)
                0x08004428                __libc_init_array
 .text.memset   0x08004470       0xa4 d:/stm32environment/arm/bin/../lib/gcc/arm-none-eabi/10.3.1/../../../../arm-none-eabi/lib/thumb/v7e-m/nofp\libg.a(lib_a-memset.o)
                0x08004470                memset
 .text.sprintf  0x08004514       0x40 d:/stm32environment/arm/bin/../lib/gcc/arm-none-eabi/10.3.1/../../../../arm-none-eabi/lib/thumb/v7e-m/nofp\libg.a(lib_a-sprintf.o)
                0x08004514                sprintf
 .text._svfprintf_r
                0x08004554     0x1a3c d:/stm32environment/arm/bin/../lib/gcc/arm-none-eabi/10.3.1/../../../../arm-none-eabi/lib/thumb/v7e-m/nofp\libg.a(lib_a-svfprintf.o)
                0x08004554                _svfprintf_r
 .text.startup.register_fini
                0x08005f90       0x14 d:/stm32environment/arm/bin/../lib/gcc/arm-none-eabi/10.3.1/../../../../arm-none-eabi/lib/thumb/v7e-m/nofp\libg.a(lib_a-__call_atexit.o)
 .text.atexit   0x08005fa4        0xc d:/stm32environment/arm/bin/../lib/gcc/arm-none-eabi/10.3.1/../../../../arm-none-eabi/lib/thumb/v7e-m/nofp\libg.a(lib_a-atexit.o)
                0x08005fa4                atexit
 .text.quorem   0x08005fb0      0x124 d:/stm32environment/arm/bin/../lib/gcc/arm-none-eabi/10.3.1/../../../../arm-none-eabi/lib/thumb/v7e-m/nofp\libg.a(lib_a-dtoa.o)
 *fill*         0x080060d4        0x4 
 .text._dtoa_r  0x080060d8      0xec4 d:/stm32environment/arm/bin/../lib/gcc/arm-none-eabi/10.3.1/../../../../arm-none-eabi/lib/thumb/v7e-m/nofp\libg.a(lib_a-dtoa.o)
                0x080060d8                _dtoa_r
 .text.__libc_fini_array
                0x08006f9c       0x2c d:/stm32environment/arm/bin/../lib/gcc/arm-none-eabi/10.3.1/../../../../arm-none-eabi/lib/thumb/v7e-m/nofp\libg.a(lib_a-fini.o)
                0x08006f9c                __libc_fini_array
 .text._malloc_trim_r
                0x08006fc8       0xa0 d:/stm32environment/arm/bin/../lib/gcc/arm-none-eabi/10.3.1/../../../../arm-none-eabi/lib/thumb/v7e-m/nofp\libg.a(lib_a-freer.o)
                0x08006fc8                _malloc_trim_r
 .text._free_r  0x08007068      0x20c d:/stm32environment/arm/bin/../lib/gcc/arm-none-eabi/10.3.1/../../../../arm-none-eabi/lib/thumb/v7e-m/nofp\libg.a(lib_a-freer.o)
                0x08007068                _free_r
 .text._localeconv_r
                0x08007274        0x8 d:/stm32environment/arm/bin/../lib/gcc/arm-none-eabi/10.3.1/../../../../arm-none-eabi/lib/thumb/v7e-m/nofp\libg.a(lib_a-localeconv.o)
                0x08007274                _localeconv_r
 .text.__retarget_lock_init_recursive
                0x0800727c        0x4 d:/stm32environment/arm/bin/../lib/gcc/arm-none-eabi/10.3.1/../../../../arm-none-eabi/lib/thumb/v7e-m/nofp\libg.a(lib_a-lock.o)
                0x0800727c                __retarget_lock_init_recursive
 .text.__retarget_lock_close_recursive
                0x08007280        0x4 d:/stm32environment/arm/bin/../lib/gcc/arm-none-eabi/10.3.1/../../../../arm-none-eabi/lib/thumb/v7e-m/nofp\libg.a(lib_a-lock.o)
                0x08007280                __retarget_lock_close_recursive
 .text.__retarget_lock_acquire_recursive
                0x08007284        0x4 d:/stm32environment/arm/bin/../lib/gcc/arm-none-eabi/10.3.1/../../../../arm-none-eabi/lib/thumb/v7e-m/nofp\libg.a(lib_a-lock.o)
                0x08007284                __retarget_lock_acquire_recursive
 .text.__retarget_lock_release_recursive
                0x08007288        0x4 d:/stm32environment/arm/bin/../lib/gcc/arm-none-eabi/10.3.1/../../../../arm-none-eabi/lib/thumb/v7e-m/nofp\libg.a(lib_a-lock.o)
                0x08007288                __retarget_lock_release_recursive
 .text._malloc_r
                0x0800728c      0x560 d:/stm32environment/arm/bin/../lib/gcc/arm-none-eabi/10.3.1/../../../../arm-none-eabi/lib/thumb/v7e-m/nofp\libg.a(lib_a-mallocr.o)
                0x0800728c                _malloc_r
 .text.__malloc_lock
                0x080077ec        0xc d:/stm32environment/arm/bin/../lib/gcc/arm-none-eabi/10.3.1/../../../../arm-none-eabi/lib/thumb/v7e-m/nofp\libg.a(lib_a-mlock.o)
                0x080077ec                __malloc_lock
 .text.__malloc_unlock
                0x080077f8        0xc d:/stm32environment/arm/bin/../lib/gcc/arm-none-eabi/10.3.1/../../../../arm-none-eabi/lib/thumb/v7e-m/nofp\libg.a(lib_a-mlock.o)
                0x080077f8                __malloc_unlock
 .text._Balloc  0x08007804       0x4c d:/stm32environment/arm/bin/../lib/gcc/arm-none-eabi/10.3.1/../../../../arm-none-eabi/lib/thumb/v7e-m/nofp\libg.a(lib_a-mprec.o)
                0x08007804                _Balloc
 .text._Bfree   0x08007850       0x14 d:/stm32environment/arm/bin/../lib/gcc/arm-none-eabi/10.3.1/../../../../arm-none-eabi/lib/thumb/v7e-m/nofp\libg.a(lib_a-mprec.o)
                0x08007850                _Bfree
 .text.__multadd
                0x08007864       0xa0 d:/stm32environment/arm/bin/../lib/gcc/arm-none-eabi/10.3.1/../../../../arm-none-eabi/lib/thumb/v7e-m/nofp\libg.a(lib_a-mprec.o)
                0x08007864                __multadd
 .text.__hi0bits
                0x08007904       0x40 d:/stm32environment/arm/bin/../lib/gcc/arm-none-eabi/10.3.1/../../../../arm-none-eabi/lib/thumb/v7e-m/nofp\libg.a(lib_a-mprec.o)
                0x08007904                __hi0bits
 .text.__lo0bits
                0x08007944       0x5c d:/stm32environment/arm/bin/../lib/gcc/arm-none-eabi/10.3.1/../../../../arm-none-eabi/lib/thumb/v7e-m/nofp\libg.a(lib_a-mprec.o)
                0x08007944                __lo0bits
 .text.__i2b    0x080079a0       0x5c d:/stm32environment/arm/bin/../lib/gcc/arm-none-eabi/10.3.1/../../../../arm-none-eabi/lib/thumb/v7e-m/nofp\libg.a(lib_a-mprec.o)
                0x080079a0                __i2b
 .text.__multiply
                0x080079fc      0x15c d:/stm32environment/arm/bin/../lib/gcc/arm-none-eabi/10.3.1/../../../../arm-none-eabi/lib/thumb/v7e-m/nofp\libg.a(lib_a-mprec.o)
                0x080079fc                __multiply
 .text.__pow5mult
                0x08007b58       0xc0 d:/stm32environment/arm/bin/../lib/gcc/arm-none-eabi/10.3.1/../../../../arm-none-eabi/lib/thumb/v7e-m/nofp\libg.a(lib_a-mprec.o)
                0x08007b58                __pow5mult
 .text.__lshift
                0x08007c18       0xf0 d:/stm32environment/arm/bin/../lib/gcc/arm-none-eabi/10.3.1/../../../../arm-none-eabi/lib/thumb/v7e-m/nofp\libg.a(lib_a-mprec.o)
                0x08007c18                __lshift
 .text.__mcmp   0x08007d08       0x40 d:/stm32environment/arm/bin/../lib/gcc/arm-none-eabi/10.3.1/../../../../arm-none-eabi/lib/thumb/v7e-m/nofp\libg.a(lib_a-mprec.o)
                0x08007d08                __mcmp
 .text.__mdiff  0x08007d48      0x14c d:/stm32environment/arm/bin/../lib/gcc/arm-none-eabi/10.3.1/../../../../arm-none-eabi/lib/thumb/v7e-m/nofp\libg.a(lib_a-mprec.o)
                0x08007d48                __mdiff
 .text.__d2b    0x08007e94       0xc4 d:/stm32environment/arm/bin/../lib/gcc/arm-none-eabi/10.3.1/../../../../arm-none-eabi/lib/thumb/v7e-m/nofp\libg.a(lib_a-mprec.o)
                0x08007e94                __d2b
 .text.frexp    0x08007f58       0x70 d:/stm32environment/arm/bin/../lib/gcc/arm-none-eabi/10.3.1/../../../../arm-none-eabi/lib/thumb/v7e-m/nofp\libg.a(lib_a-s_frexp.o)
                0x08007f58                frexp
 .text._sbrk_r  0x08007fc8       0x24 d:/stm32environment/arm/bin/../lib/gcc/arm-none-eabi/10.3.1/../../../../arm-none-eabi/lib/thumb/v7e-m/nofp\libg.a(lib_a-sbrkr.o)
                0x08007fc8                _sbrk_r
 .text.strncpy  0x08007fec       0x64 d:/stm32environment/arm/bin/../lib/gcc/arm-none-eabi/10.3.1/../../../../arm-none-eabi/lib/thumb/v7e-m/nofp\libg.a(lib_a-strncpy.o)
                0x08007fec                strncpy
 .text.__ssprint_r
                0x08008050       0xf8 d:/stm32environment/arm/bin/../lib/gcc/arm-none-eabi/10.3.1/../../../../arm-none-eabi/lib/thumb/v7e-m/nofp\libg.a(lib_a-svfiprintf.o)
                0x08008050                __ssprint_r
 .text.__register_exitproc
                0x08008148       0x8c d:/stm32environment/arm/bin/../lib/gcc/arm-none-eabi/10.3.1/../../../../arm-none-eabi/lib/thumb/v7e-m/nofp\libg.a(lib_a-__atexit.o)
                0x08008148                __register_exitproc
 .text.__assert_func
                0x080081d4       0x40 d:/stm32environment/arm/bin/../lib/gcc/arm-none-eabi/10.3.1/../../../../arm-none-eabi/lib/thumb/v7e-m/nofp\libg.a(lib_a-assert.o)
                0x080081d4                __assert_func
 .text._calloc_r
                0x08008214       0x78 d:/stm32environment/arm/bin/../lib/gcc/arm-none-eabi/10.3.1/../../../../arm-none-eabi/lib/thumb/v7e-m/nofp\libg.a(lib_a-callocr.o)
                0x08008214                _calloc_r
 .text.fiprintf
                0x0800828c       0x28 d:/stm32environment/arm/bin/../lib/gcc/arm-none-eabi/10.3.1/../../../../arm-none-eabi/lib/thumb/v7e-m/nofp\libg.a(lib_a-fiprintf.o)
                0x0800828c                fiprintf
 .text.__locale_mb_cur_max
                0x080082b4        0xc d:/stm32environment/arm/bin/../lib/gcc/arm-none-eabi/10.3.1/../../../../arm-none-eabi/lib/thumb/v7e-m/nofp\libg.a(lib_a-locale.o)
                0x080082b4                __locale_mb_cur_max
 .text.__ascii_mbtowc
                0x080082c0       0x2c d:/stm32environment/arm/bin/../lib/gcc/arm-none-eabi/10.3.1/../../../../arm-none-eabi/lib/thumb/v7e-m/nofp\libg.a(lib_a-mbtowc_r.o)
                0x080082c0                __ascii_mbtowc
 .text.memmove  0x080082ec       0xf8 d:/stm32environment/arm/bin/../lib/gcc/arm-none-eabi/10.3.1/../../../../arm-none-eabi/lib/thumb/v7e-m/nofp\libg.a(lib_a-memmove.o)
                0x080082ec                memmove
 .text._realloc_r
                0x080083e4      0x3d8 d:/stm32environment/arm/bin/../lib/gcc/arm-none-eabi/10.3.1/../../../../arm-none-eabi/lib/thumb/v7e-m/nofp\libg.a(lib_a-reallocr.o)
                0x080083e4                _realloc_r
 .text.__sprint_r.part.0
                0x080087bc       0x78 d:/stm32environment/arm/bin/../lib/gcc/arm-none-eabi/10.3.1/../../../../arm-none-eabi/lib/thumb/v7e-m/nofp\libg.a(lib_a-vfiprintf.o)
 .text._vfiprintf_r
                0x08008834      0xda0 d:/stm32environment/arm/bin/../lib/gcc/arm-none-eabi/10.3.1/../../../../arm-none-eabi/lib/thumb/v7e-m/nofp\libg.a(lib_a-vfiprintf.o)
                0x08008834                _vfiprintf_r
 .text.__sbprintf
                0x080095d4       0x80 d:/stm32environment/arm/bin/../lib/gcc/arm-none-eabi/10.3.1/../../../../arm-none-eabi/lib/thumb/v7e-m/nofp\libg.a(lib_a-vfiprintf.o)
 .text.__ascii_wctomb
                0x08009654       0x1c d:/stm32environment/arm/bin/../lib/gcc/arm-none-eabi/10.3.1/../../../../arm-none-eabi/lib/thumb/v7e-m/nofp\libg.a(lib_a-wctomb_r.o)
                0x08009654                __ascii_wctomb
 .text.__swsetup_r
                0x08009670       0xd4 d:/stm32environment/arm/bin/../lib/gcc/arm-none-eabi/10.3.1/../../../../arm-none-eabi/lib/thumb/v7e-m/nofp\libg.a(lib_a-wsetup.o)
                0x08009670                __swsetup_r
 .text.abort    0x08009744       0x10 d:/stm32environment/arm/bin/../lib/gcc/arm-none-eabi/10.3.1/../../../../arm-none-eabi/lib/thumb/v7e-m/nofp\libg.a(lib_a-abort.o)
                0x08009744                abort
 .text.__sflush_r
                0x08009754      0x120 d:/stm32environment/arm/bin/../lib/gcc/arm-none-eabi/10.3.1/../../../../arm-none-eabi/lib/thumb/v7e-m/nofp\libg.a(lib_a-fflush.o)
                0x08009754                __sflush_r
 .text._fflush_r
                0x08009874       0x5c d:/stm32environment/arm/bin/../lib/gcc/arm-none-eabi/10.3.1/../../../../arm-none-eabi/lib/thumb/v7e-m/nofp\libg.a(lib_a-fflush.o)
                0x08009874                _fflush_r
 .text._cleanup_r
                0x080098d0        0xc d:/stm32environment/arm/bin/../lib/gcc/arm-none-eabi/10.3.1/../../../../arm-none-eabi/lib/thumb/v7e-m/nofp\libg.a(lib_a-findfp.o)
                0x080098d0                _cleanup_r
 .text.__sinit  0x080098dc      0x10c d:/stm32environment/arm/bin/../lib/gcc/arm-none-eabi/10.3.1/../../../../arm-none-eabi/lib/thumb/v7e-m/nofp\libg.a(lib_a-findfp.o)
                0x080098dc                __sinit
 .text.__sfp_lock_acquire
                0x080099e8        0xc d:/stm32environment/arm/bin/../lib/gcc/arm-none-eabi/10.3.1/../../../../arm-none-eabi/lib/thumb/v7e-m/nofp\libg.a(lib_a-findfp.o)
                0x080099e8                __sfp_lock_acquire
 .text.__sfp_lock_release
                0x080099f4        0xc d:/stm32environment/arm/bin/../lib/gcc/arm-none-eabi/10.3.1/../../../../arm-none-eabi/lib/thumb/v7e-m/nofp\libg.a(lib_a-findfp.o)
                0x080099f4                __sfp_lock_release
 .text.__fputwc
                0x08009a00       0xa8 d:/stm32environment/arm/bin/../lib/gcc/arm-none-eabi/10.3.1/../../../../arm-none-eabi/lib/thumb/v7e-m/nofp\libg.a(lib_a-fputwc.o)
                0x08009a00                __fputwc
 .text._fputwc_r
                0x08009aa8       0x68 d:/stm32environment/arm/bin/../lib/gcc/arm-none-eabi/10.3.1/../../../../arm-none-eabi/lib/thumb/v7e-m/nofp\libg.a(lib_a-fputwc.o)
                0x08009aa8                _fputwc_r
 .text.__sfvwrite_r
                0x08009b10      0x2e8 d:/stm32environment/arm/bin/../lib/gcc/arm-none-eabi/10.3.1/../../../../arm-none-eabi/lib/thumb/v7e-m/nofp\libg.a(lib_a-fvwrite.o)
                0x08009b10                __sfvwrite_r
 .text._fwalk_reent
                0x08009df8       0x48 d:/stm32environment/arm/bin/../lib/gcc/arm-none-eabi/10.3.1/../../../../arm-none-eabi/lib/thumb/v7e-m/nofp\libg.a(lib_a-fwalk.o)
                0x08009df8                _fwalk_reent
 .text.__smakebuf_r
                0x08009e40       0xe0 d:/stm32environment/arm/bin/../lib/gcc/arm-none-eabi/10.3.1/../../../../arm-none-eabi/lib/thumb/v7e-m/nofp\libg.a(lib_a-makebuf.o)
                0x08009e40                __smakebuf_r
 .text.raise    0x08009f20       0x5c d:/stm32environment/arm/bin/../lib/gcc/arm-none-eabi/10.3.1/../../../../arm-none-eabi/lib/thumb/v7e-m/nofp\libg.a(lib_a-signal.o)
                0x08009f20                raise
 .text._kill_r  0x08009f7c       0x2c d:/stm32environment/arm/bin/../lib/gcc/arm-none-eabi/10.3.1/../../../../arm-none-eabi/lib/thumb/v7e-m/nofp\libg.a(lib_a-signalr.o)
                0x08009f7c                _kill_r
 .text._getpid_r
                0x08009fa8        0x4 d:/stm32environment/arm/bin/../lib/gcc/arm-none-eabi/10.3.1/../../../../arm-none-eabi/lib/thumb/v7e-m/nofp\libg.a(lib_a-signalr.o)
                0x08009fa8                _getpid_r
 .text.__sread  0x08009fac       0x24 d:/stm32environment/arm/bin/../lib/gcc/arm-none-eabi/10.3.1/../../../../arm-none-eabi/lib/thumb/v7e-m/nofp\libg.a(lib_a-stdio.o)
                0x08009fac                __sread
 .text.__swrite
                0x08009fd0       0x40 d:/stm32environment/arm/bin/../lib/gcc/arm-none-eabi/10.3.1/../../../../arm-none-eabi/lib/thumb/v7e-m/nofp\libg.a(lib_a-stdio.o)
                0x08009fd0                __swrite
 .text.__sseek  0x0800a010       0x20 d:/stm32environment/arm/bin/../lib/gcc/arm-none-eabi/10.3.1/../../../../arm-none-eabi/lib/thumb/v7e-m/nofp\libg.a(lib_a-stdio.o)
                0x0800a010                __sseek
 .text.__sclose
                0x0800a030        0x8 d:/stm32environment/arm/bin/../lib/gcc/arm-none-eabi/10.3.1/../../../../arm-none-eabi/lib/thumb/v7e-m/nofp\libg.a(lib_a-stdio.o)
                0x0800a030                __sclose
 .text.__swbuf_r
                0x0800a038       0xb0 d:/stm32environment/arm/bin/../lib/gcc/arm-none-eabi/10.3.1/../../../../arm-none-eabi/lib/thumb/v7e-m/nofp\libg.a(lib_a-wbuf.o)
                0x0800a038                __swbuf_r
 .text._wcrtomb_r
                0x0800a0e8       0x3c d:/stm32environment/arm/bin/../lib/gcc/arm-none-eabi/10.3.1/../../../../arm-none-eabi/lib/thumb/v7e-m/nofp\libg.a(lib_a-wcrtomb.o)
                0x0800a0e8                _wcrtomb_r
 .text._write_r
                0x0800a124       0x2c d:/stm32environment/arm/bin/../lib/gcc/arm-none-eabi/10.3.1/../../../../arm-none-eabi/lib/thumb/v7e-m/nofp\libg.a(lib_a-writer.o)
                0x0800a124                _write_r
 .text._close_r
                0x0800a150       0x24 d:/stm32environment/arm/bin/../lib/gcc/arm-none-eabi/10.3.1/../../../../arm-none-eabi/lib/thumb/v7e-m/nofp\libg.a(lib_a-closer.o)
                0x0800a150                _close_r
 .text._fclose_r
                0x0800a174       0xcc d:/stm32environment/arm/bin/../lib/gcc/arm-none-eabi/10.3.1/../../../../arm-none-eabi/lib/thumb/v7e-m/nofp\libg.a(lib_a-fclose.o)
                0x0800a174                _fclose_r
 .text._fstat_r
                0x0800a240       0x2c d:/stm32environment/arm/bin/../lib/gcc/arm-none-eabi/10.3.1/../../../../arm-none-eabi/lib/thumb/v7e-m/nofp\libg.a(lib_a-fstatr.o)
                0x0800a240                _fstat_r
 .text._isatty_r
                0x0800a26c       0x24 d:/stm32environment/arm/bin/../lib/gcc/arm-none-eabi/10.3.1/../../../../arm-none-eabi/lib/thumb/v7e-m/nofp\libg.a(lib_a-isattyr.o)
                0x0800a26c                _isatty_r
 .text._lseek_r
                0x0800a290       0x2c d:/stm32environment/arm/bin/../lib/gcc/arm-none-eabi/10.3.1/../../../../arm-none-eabi/lib/thumb/v7e-m/nofp\libg.a(lib_a-lseekr.o)
                0x0800a290                _lseek_r
 .text._read_r  0x0800a2bc       0x2c d:/stm32environment/arm/bin/../lib/gcc/arm-none-eabi/10.3.1/../../../../arm-none-eabi/lib/thumb/v7e-m/nofp\libg.a(lib_a-readr.o)
                0x0800a2bc                _read_r
 .text.asin     0x0800a2e8       0x50 d:/stm32environment/arm/bin/../lib/gcc/arm-none-eabi/10.3.1/../../../../arm-none-eabi/lib/thumb/v7e-m/nofp\libm.a(lib_a-w_asin.o)
                0x0800a2e8                asin
 .text.atan2    0x0800a338        0x4 d:/stm32environment/arm/bin/../lib/gcc/arm-none-eabi/10.3.1/../../../../arm-none-eabi/lib/thumb/v7e-m/nofp\libm.a(lib_a-w_atan2.o)
                0x0800a338                atan2
 .text.sqrt     0x0800a33c       0x50 d:/stm32environment/arm/bin/../lib/gcc/arm-none-eabi/10.3.1/../../../../arm-none-eabi/lib/thumb/v7e-m/nofp\libm.a(lib_a-w_sqrt.o)
                0x0800a33c                sqrt
 *fill*         0x0800a38c        0x4 
 .text.__ieee754_asin
                0x0800a390      0x46c d:/stm32environment/arm/bin/../lib/gcc/arm-none-eabi/10.3.1/../../../../arm-none-eabi/lib/thumb/v7e-m/nofp\libm.a(lib_a-e_asin.o)
                0x0800a390                __ieee754_asin
 *fill*         0x0800a7fc        0x4 
 .text.__ieee754_atan2
                0x0800a800      0x194 d:/stm32environment/arm/bin/../lib/gcc/arm-none-eabi/10.3.1/../../../../arm-none-eabi/lib/thumb/v7e-m/nofp\libm.a(lib_a-e_atan2.o)
                0x0800a800                __ieee754_atan2
 .text.__ieee754_sqrt
                0x0800a994      0x18c d:/stm32environment/arm/bin/../lib/gcc/arm-none-eabi/10.3.1/../../../../arm-none-eabi/lib/thumb/v7e-m/nofp\libm.a(lib_a-e_sqrt.o)
                0x0800a994                __ieee754_sqrt
 .text.atan     0x0800ab20      0x32c d:/stm32environment/arm/bin/../lib/gcc/arm-none-eabi/10.3.1/../../../../arm-none-eabi/lib/thumb/v7e-m/nofp\libm.a(lib_a-s_atan.o)
                0x0800ab20                atan
 .text.fabs     0x0800ae4c        0x8 d:/stm32environment/arm/bin/../lib/gcc/arm-none-eabi/10.3.1/../../../../arm-none-eabi/lib/thumb/v7e-m/nofp\libm.a(lib_a-s_fabs.o)
                0x0800ae4c                fabs
 .text.nan      0x0800ae54        0xc d:/stm32environment/arm/bin/../lib/gcc/arm-none-eabi/10.3.1/../../../../arm-none-eabi/lib/thumb/v7e-m/nofp\libm.a(lib_a-s_nan.o)
                0x0800ae54                nan
 *(.glue_7)
 .glue_7        0x0800ae60        0x0 linker stubs
 *(.glue_7t)
 .glue_7t       0x0800ae60        0x0 linker stubs
 *(.eh_frame)
 .eh_frame      0x0800ae60        0x0 d:/stm32environment/arm/bin/../lib/gcc/arm-none-eabi/10.3.1/thumb/v7e-m/nofp/crtbegin.o
 *(.init)
 .init          0x0800ae60        0x4 d:/stm32environment/arm/bin/../lib/gcc/arm-none-eabi/10.3.1/thumb/v7e-m/nofp/crti.o
                0x0800ae60                _init
 .init          0x0800ae64        0x8 d:/stm32environment/arm/bin/../lib/gcc/arm-none-eabi/10.3.1/thumb/v7e-m/nofp/crtn.o
 *(.fini)
 .fini          0x0800ae6c        0x4 d:/stm32environment/arm/bin/../lib/gcc/arm-none-eabi/10.3.1/thumb/v7e-m/nofp/crti.o
                0x0800ae6c                _fini
 .fini          0x0800ae70        0x8 d:/stm32environment/arm/bin/../lib/gcc/arm-none-eabi/10.3.1/thumb/v7e-m/nofp/crtn.o
                0x0800ae78                . = ALIGN (0x4)
                0x0800ae78                _etext = .

.vfp11_veneer   0x0800ae78        0x0
 .vfp11_veneer  0x0800ae78        0x0 linker stubs

.v4_bx          0x0800ae78        0x0
 .v4_bx         0x0800ae78        0x0 linker stubs

.iplt           0x0800ae78        0x0
 .iplt          0x0800ae78        0x0 d:/stm32environment/arm/bin/../lib/gcc/arm-none-eabi/10.3.1/thumb/v7e-m/nofp/crtbegin.o

.rodata         0x0800ae78      0x4b8
                0x0800ae78                . = ALIGN (0x4)
 *(.rodata)
 *(.rodata*)
 .rodata.main.str1.4
                0x0800ae78       0x2f CMakeFiles/A_6500.elf.dir/Core/Src/main.c.obj
 *fill*         0x0800aea7        0x1 
 .rodata.AHBPrescTable
                0x0800aea8       0x10 CMakeFiles/A_6500.elf.dir/Core/Src/system_stm32f4xx.c.obj
                0x0800aea8                AHBPrescTable
 .rodata.APBPrescTable
                0x0800aeb8        0x8 CMakeFiles/A_6500.elf.dir/Core/Src/system_stm32f4xx.c.obj
                0x0800aeb8                APBPrescTable
 .rodata._global_impure_ptr
                0x0800aec0        0x4 d:/stm32environment/arm/bin/../lib/gcc/arm-none-eabi/10.3.1/../../../../arm-none-eabi/lib/thumb/v7e-m/nofp\libg.a(lib_a-impure.o)
                0x0800aec0                _global_impure_ptr
 .rodata._svfprintf_r.str1.4
                0x0800aec4       0x42 d:/stm32environment/arm/bin/../lib/gcc/arm-none-eabi/10.3.1/../../../../arm-none-eabi/lib/thumb/v7e-m/nofp\libg.a(lib_a-svfprintf.o)
 *fill*         0x0800af06        0x2 
 .rodata.blanks.1
                0x0800af08       0x10 d:/stm32environment/arm/bin/../lib/gcc/arm-none-eabi/10.3.1/../../../../arm-none-eabi/lib/thumb/v7e-m/nofp\libg.a(lib_a-svfprintf.o)
 .rodata.zeroes.0
                0x0800af18       0x10 d:/stm32environment/arm/bin/../lib/gcc/arm-none-eabi/10.3.1/../../../../arm-none-eabi/lib/thumb/v7e-m/nofp\libg.a(lib_a-svfprintf.o)
 .rodata._dtoa_r.str1.4
                0x0800af28       0xa2 d:/stm32environment/arm/bin/../lib/gcc/arm-none-eabi/10.3.1/../../../../arm-none-eabi/lib/thumb/v7e-m/nofp\libg.a(lib_a-dtoa.o)
                                 0xa6 (size before relaxing)
 *fill*         0x0800afca        0x2 
 .rodata.__multadd.str1.4
                0x0800afcc       0x7f d:/stm32environment/arm/bin/../lib/gcc/arm-none-eabi/10.3.1/../../../../arm-none-eabi/lib/thumb/v7e-m/nofp\libg.a(lib_a-mprec.o)
                                 0x93 (size before relaxing)
 *fill*         0x0800b04b        0x5 
 .rodata.__mprec_bigtens
                0x0800b050       0x28 d:/stm32environment/arm/bin/../lib/gcc/arm-none-eabi/10.3.1/../../../../arm-none-eabi/lib/thumb/v7e-m/nofp\libg.a(lib_a-mprec.o)
                0x0800b050                __mprec_bigtens
 .rodata.__mprec_tens
                0x0800b078       0xc8 d:/stm32environment/arm/bin/../lib/gcc/arm-none-eabi/10.3.1/../../../../arm-none-eabi/lib/thumb/v7e-m/nofp\libg.a(lib_a-mprec.o)
                0x0800b078                __mprec_tens
 .rodata.p05.0  0x0800b140        0xc d:/stm32environment/arm/bin/../lib/gcc/arm-none-eabi/10.3.1/../../../../arm-none-eabi/lib/thumb/v7e-m/nofp\libg.a(lib_a-mprec.o)
 .rodata.__assert_func.str1.4
                0x0800b14c       0x3f d:/stm32environment/arm/bin/../lib/gcc/arm-none-eabi/10.3.1/../../../../arm-none-eabi/lib/thumb/v7e-m/nofp\libg.a(lib_a-assert.o)
                                 0x43 (size before relaxing)
 *fill*         0x0800b18b        0x1 
 .rodata._setlocale_r.str1.4
                0x0800b18c        0xa d:/stm32environment/arm/bin/../lib/gcc/arm-none-eabi/10.3.1/../../../../arm-none-eabi/lib/thumb/v7e-m/nofp\libg.a(lib_a-locale.o)
                                  0xd (size before relaxing)
 *fill*         0x0800b196        0x2 
 .rodata.str1.4
                0x0800b198        0x2 d:/stm32environment/arm/bin/../lib/gcc/arm-none-eabi/10.3.1/../../../../arm-none-eabi/lib/thumb/v7e-m/nofp\libg.a(lib_a-locale.o)
 .rodata._vfiprintf_r.str1.4
                0x0800b19a       0x2f d:/stm32environment/arm/bin/../lib/gcc/arm-none-eabi/10.3.1/../../../../arm-none-eabi/lib/thumb/v7e-m/nofp\libg.a(lib_a-vfiprintf.o)
 *fill*         0x0800b19a        0x2 
 .rodata.blanks.1
                0x0800b19c       0x10 d:/stm32environment/arm/bin/../lib/gcc/arm-none-eabi/10.3.1/../../../../arm-none-eabi/lib/thumb/v7e-m/nofp\libg.a(lib_a-vfiprintf.o)
 .rodata.zeroes.0
                0x0800b1ac       0x10 d:/stm32environment/arm/bin/../lib/gcc/arm-none-eabi/10.3.1/../../../../arm-none-eabi/lib/thumb/v7e-m/nofp\libg.a(lib_a-vfiprintf.o)
 .rodata._ctype_
                0x0800b1bc      0x101 d:/stm32environment/arm/bin/../lib/gcc/arm-none-eabi/10.3.1/../../../../arm-none-eabi/lib/thumb/v7e-m/nofp\libg.a(lib_a-ctype_.o)
                0x0800b1bc                _ctype_
 .rodata.asin.str1.4
                0x0800b2bd        0x1 d:/stm32environment/arm/bin/../lib/gcc/arm-none-eabi/10.3.1/../../../../arm-none-eabi/lib/thumb/v7e-m/nofp\libm.a(lib_a-w_asin.o)
 *fill*         0x0800b2bd        0x3 
 .rodata.CSWTCH.8
                0x0800b2c0       0x18 d:/stm32environment/arm/bin/../lib/gcc/arm-none-eabi/10.3.1/../../../../arm-none-eabi/lib/thumb/v7e-m/nofp\libm.a(lib_a-e_atan2.o)
 .rodata.CSWTCH.9
                0x0800b2d8       0x18 d:/stm32environment/arm/bin/../lib/gcc/arm-none-eabi/10.3.1/../../../../arm-none-eabi/lib/thumb/v7e-m/nofp\libm.a(lib_a-e_atan2.o)
 .rodata.atanhi
                0x0800b2f0       0x20 d:/stm32environment/arm/bin/../lib/gcc/arm-none-eabi/10.3.1/../../../../arm-none-eabi/lib/thumb/v7e-m/nofp\libm.a(lib_a-s_atan.o)
 .rodata.atanlo
                0x0800b310       0x20 d:/stm32environment/arm/bin/../lib/gcc/arm-none-eabi/10.3.1/../../../../arm-none-eabi/lib/thumb/v7e-m/nofp\libm.a(lib_a-s_atan.o)
                0x0800b330                . = ALIGN (0x4)

.ARM.extab      0x0800b330        0x0
                0x0800b330                . = ALIGN (0x4)
 *(.ARM.extab* .gnu.linkonce.armextab.*)
                0x0800b330                . = ALIGN (0x4)

.ARM            0x0800b330        0x8
                0x0800b330                . = ALIGN (0x4)
                0x0800b330                __exidx_start = .
 *(.ARM.exidx*)
 .ARM.exidx     0x0800b330        0x8 d:/stm32environment/arm/bin/../lib/gcc/arm-none-eabi/10.3.1/thumb/v7e-m/nofp\libgcc.a(_udivmoddi4.o)
                0x0800b338                __exidx_end = .
                0x0800b338                . = ALIGN (0x4)

.rel.dyn        0x0800b338        0x0
 .rel.iplt      0x0800b338        0x0 d:/stm32environment/arm/bin/../lib/gcc/arm-none-eabi/10.3.1/thumb/v7e-m/nofp/crtbegin.o

.preinit_array  0x0800b338        0x0
                0x0800b338                . = ALIGN (0x4)
                0x0800b338                PROVIDE (__preinit_array_start = .)
 *(.preinit_array*)
                0x0800b338                PROVIDE (__preinit_array_end = .)
                0x0800b338                . = ALIGN (0x4)

.init_array     0x0800b338        0x8
                0x0800b338                . = ALIGN (0x4)
                0x0800b338                PROVIDE (__init_array_start = .)
 *(SORT_BY_NAME(.init_array.*))
 .init_array.00000
                0x0800b338        0x4 d:/stm32environment/arm/bin/../lib/gcc/arm-none-eabi/10.3.1/../../../../arm-none-eabi/lib/thumb/v7e-m/nofp\libg.a(lib_a-__call_atexit.o)
 *(.init_array*)
 .init_array    0x0800b33c        0x4 d:/stm32environment/arm/bin/../lib/gcc/arm-none-eabi/10.3.1/thumb/v7e-m/nofp/crtbegin.o
                0x0800b340                PROVIDE (__init_array_end = .)
                0x0800b340                . = ALIGN (0x4)

.fini_array     0x0800b340        0x4
                0x0800b340                . = ALIGN (0x4)
                0x0800b340                PROVIDE (__fini_array_start = .)
 *(SORT_BY_NAME(.fini_array.*))
 *(.fini_array*)
 .fini_array    0x0800b340        0x4 d:/stm32environment/arm/bin/../lib/gcc/arm-none-eabi/10.3.1/thumb/v7e-m/nofp/crtbegin.o
                0x0800b344                PROVIDE (__fini_array_end = .)
                0x0800b344                . = ALIGN (0x4)
                0x0800b344                _sidata = LOADADDR (.data)

.data           0x20000000      0x9d0 load address 0x0800b344
                0x20000000                . = ALIGN (0x4)
                0x20000000                _sdata = .
 *(.data)
 *(.data*)
 .data.SystemCoreClock
                0x20000000        0x4 CMakeFiles/A_6500.elf.dir/Core/Src/system_stm32f4xx.c.obj
                0x20000000                SystemCoreClock
 .data.q0       0x20000004        0x4 CMakeFiles/A_6500.elf.dir/Data_Process/process.c.obj
                0x20000004                q0
 .data.uwTickFreq
                0x20000008        0x1 CMakeFiles/A_6500.elf.dir/Drivers/STM32F4xx_HAL_Driver/Src/stm32f4xx_hal.c.obj
                0x20000008                uwTickFreq
 *fill*         0x20000009        0x3 
 .data.uwTickPrio
                0x2000000c        0x4 CMakeFiles/A_6500.elf.dir/Drivers/STM32F4xx_HAL_Driver/Src/stm32f4xx_hal.c.obj
                0x2000000c                uwTickPrio
 .data.tx_buff  0x20000010        0xe CMakeFiles/A_6500.elf.dir/MPU6500/mpu6500.c.obj
 *fill*         0x2000001e        0x2 
 .data._impure_ptr
                0x20000020        0x4 d:/stm32environment/arm/bin/../lib/gcc/arm-none-eabi/10.3.1/../../../../arm-none-eabi/lib/thumb/v7e-m/nofp\libg.a(lib_a-impure.o)
                0x20000020                _impure_ptr
 *fill*         0x20000024        0x4 
 .data.impure_data
                0x20000028      0x428 d:/stm32environment/arm/bin/../lib/gcc/arm-none-eabi/10.3.1/../../../../arm-none-eabi/lib/thumb/v7e-m/nofp\libg.a(lib_a-impure.o)
 .data.__atexit_recursive_mutex
                0x20000450        0x4 d:/stm32environment/arm/bin/../lib/gcc/arm-none-eabi/10.3.1/../../../../arm-none-eabi/lib/thumb/v7e-m/nofp\libg.a(lib_a-__call_atexit.o)
                0x20000450                __atexit_recursive_mutex
 .data.__malloc_av_
                0x20000454      0x408 d:/stm32environment/arm/bin/../lib/gcc/arm-none-eabi/10.3.1/../../../../arm-none-eabi/lib/thumb/v7e-m/nofp\libg.a(lib_a-mallocr.o)
                0x20000454                __malloc_av_
 .data.__malloc_sbrk_base
                0x2000085c        0x4 d:/stm32environment/arm/bin/../lib/gcc/arm-none-eabi/10.3.1/../../../../arm-none-eabi/lib/thumb/v7e-m/nofp\libg.a(lib_a-mallocr.o)
                0x2000085c                __malloc_sbrk_base
 .data.__malloc_trim_threshold
                0x20000860        0x4 d:/stm32environment/arm/bin/../lib/gcc/arm-none-eabi/10.3.1/../../../../arm-none-eabi/lib/thumb/v7e-m/nofp\libg.a(lib_a-mallocr.o)
                0x20000860                __malloc_trim_threshold
 .data.__global_locale
                0x20000864      0x16c d:/stm32environment/arm/bin/../lib/gcc/arm-none-eabi/10.3.1/../../../../arm-none-eabi/lib/thumb/v7e-m/nofp\libg.a(lib_a-locale.o)
                0x20000864                __global_locale
 *(.RamFunc)
 *(.RamFunc*)
                0x200009d0                . = ALIGN (0x4)
                0x200009d0                _edata = .
                0x0800bd14                _siccmram = LOADADDR (.ccmram)

.igot.plt       0x200009d0        0x0 load address 0x0800bd14
 .igot.plt      0x200009d0        0x0 d:/stm32environment/arm/bin/../lib/gcc/arm-none-eabi/10.3.1/thumb/v7e-m/nofp/crtbegin.o

.ccmram         0x10000000        0x0 load address 0x0800bd14
                0x10000000                . = ALIGN (0x4)
                0x10000000                _sccmram = .
 *(.ccmram)
 *(.ccmram*)
                0x10000000                . = ALIGN (0x4)
                0x10000000                _eccmram = .
                0x10000000                . = ALIGN (0x4)

.bss            0x200009d0      0x2e8
                0x200009d0                _sbss = .
                0x200009d0                __bss_start__ = _sbss
 *(.bss)
 .bss           0x200009d0       0x1c d:/stm32environment/arm/bin/../lib/gcc/arm-none-eabi/10.3.1/thumb/v7e-m/nofp/crtbegin.o
 *(.bss*)
 .bss.buf       0x200009ec      0x12c CMakeFiles/A_6500.elf.dir/Core/Src/main.c.obj
                0x200009ec                buf
 .bss.hspi5     0x20000b18       0x58 CMakeFiles/A_6500.elf.dir/Core/Src/spi.c.obj
                0x20000b18                hspi5
 .bss.__sbrk_heap_end
                0x20000b70        0x4 CMakeFiles/A_6500.elf.dir/Core/Src/sysmem.c.obj
 .bss.huart6    0x20000b74       0x48 CMakeFiles/A_6500.elf.dir/Core/Src/usart.c.obj
                0x20000b74                huart6
 .bss.exInt     0x20000bbc        0x4 CMakeFiles/A_6500.elf.dir/Data_Process/process.c.obj
                0x20000bbc                exInt
 .bss.eyInt     0x20000bc0        0x4 CMakeFiles/A_6500.elf.dir/Data_Process/process.c.obj
                0x20000bc0                eyInt
 .bss.ezInt     0x20000bc4        0x4 CMakeFiles/A_6500.elf.dir/Data_Process/process.c.obj
                0x20000bc4                ezInt
 .bss.last_update
                0x20000bc8        0x4 CMakeFiles/A_6500.elf.dir/Data_Process/process.c.obj
                0x20000bc8                last_update
 .bss.now_update
                0x20000bcc        0x4 CMakeFiles/A_6500.elf.dir/Data_Process/process.c.obj
                0x20000bcc                now_update
 .bss.q1        0x20000bd0        0x4 CMakeFiles/A_6500.elf.dir/Data_Process/process.c.obj
                0x20000bd0                q1
 .bss.q2        0x20000bd4        0x4 CMakeFiles/A_6500.elf.dir/Data_Process/process.c.obj
                0x20000bd4                q2
 .bss.q3        0x20000bd8        0x4 CMakeFiles/A_6500.elf.dir/Data_Process/process.c.obj
                0x20000bd8                q3
 .bss.uwTick    0x20000bdc        0x4 CMakeFiles/A_6500.elf.dir/Drivers/STM32F4xx_HAL_Driver/Src/stm32f4xx_hal.c.obj
                0x20000bdc                uwTick
 .bss.id        0x20000be0        0x1 CMakeFiles/A_6500.elf.dir/MPU6500/mpu6500.c.obj
                0x20000be0                id
 *fill*         0x20000be1        0x3 
 .bss.imu       0x20000be4       0x40 CMakeFiles/A_6500.elf.dir/MPU6500/mpu6500.c.obj
                0x20000be4                imu
 .bss.ist_buff  0x20000c24        0x6 CMakeFiles/A_6500.elf.dir/MPU6500/mpu6500.c.obj
                0x20000c24                ist_buff
 *fill*         0x20000c2a        0x2 
 .bss.mpu_buff  0x20000c2c        0xe CMakeFiles/A_6500.elf.dir/MPU6500/mpu6500.c.obj
                0x20000c2c                mpu_buff
 *fill*         0x20000c3a        0x2 
 .bss.mpu_data  0x20000c3c       0x20 CMakeFiles/A_6500.elf.dir/MPU6500/mpu6500.c.obj
                0x20000c3c                mpu_data
 .bss.rx        0x20000c5c        0x1 CMakeFiles/A_6500.elf.dir/MPU6500/mpu6500.c.obj
 .bss.tx        0x20000c5d        0x1 CMakeFiles/A_6500.elf.dir/MPU6500/mpu6500.c.obj
 *fill*         0x20000c5e        0x2 
 .bss.p_last.0  0x20000c60        0x8 CMakeFiles/A_6500.elf.dir/filter/kalman.c.obj
 .bss.x_last.1  0x20000c68        0x8 CMakeFiles/A_6500.elf.dir/filter/kalman.c.obj
 .bss.__lock___atexit_recursive_mutex
                0x20000c70        0x1 d:/stm32environment/arm/bin/../lib/gcc/arm-none-eabi/10.3.1/../../../../arm-none-eabi/lib/thumb/v7e-m/nofp\libg.a(lib_a-lock.o)
                0x20000c70                __lock___atexit_recursive_mutex
 *fill*         0x20000c71        0x3 
 .bss.__lock___malloc_recursive_mutex
                0x20000c74        0x1 d:/stm32environment/arm/bin/../lib/gcc/arm-none-eabi/10.3.1/../../../../arm-none-eabi/lib/thumb/v7e-m/nofp\libg.a(lib_a-lock.o)
                0x20000c74                __lock___malloc_recursive_mutex
 *fill*         0x20000c75        0x3 
 .bss.__lock___sfp_recursive_mutex
                0x20000c78        0x1 d:/stm32environment/arm/bin/../lib/gcc/arm-none-eabi/10.3.1/../../../../arm-none-eabi/lib/thumb/v7e-m/nofp\libg.a(lib_a-lock.o)
                0x20000c78                __lock___sfp_recursive_mutex
 *fill*         0x20000c79        0x3 
 .bss.__lock___sinit_recursive_mutex
                0x20000c7c        0x1 d:/stm32environment/arm/bin/../lib/gcc/arm-none-eabi/10.3.1/../../../../arm-none-eabi/lib/thumb/v7e-m/nofp\libg.a(lib_a-lock.o)
                0x20000c7c                __lock___sinit_recursive_mutex
 *fill*         0x20000c7d        0x3 
 .bss.__malloc_current_mallinfo
                0x20000c80       0x28 d:/stm32environment/arm/bin/../lib/gcc/arm-none-eabi/10.3.1/../../../../arm-none-eabi/lib/thumb/v7e-m/nofp\libg.a(lib_a-mallocr.o)
                0x20000c80                __malloc_current_mallinfo
 .bss.__malloc_max_sbrked_mem
                0x20000ca8        0x4 d:/stm32environment/arm/bin/../lib/gcc/arm-none-eabi/10.3.1/../../../../arm-none-eabi/lib/thumb/v7e-m/nofp\libg.a(lib_a-mallocr.o)
                0x20000ca8                __malloc_max_sbrked_mem
 .bss.__malloc_max_total_mem
                0x20000cac        0x4 d:/stm32environment/arm/bin/../lib/gcc/arm-none-eabi/10.3.1/../../../../arm-none-eabi/lib/thumb/v7e-m/nofp\libg.a(lib_a-mallocr.o)
                0x20000cac                __malloc_max_total_mem
 .bss.__malloc_top_pad
                0x20000cb0        0x4 d:/stm32environment/arm/bin/../lib/gcc/arm-none-eabi/10.3.1/../../../../arm-none-eabi/lib/thumb/v7e-m/nofp\libg.a(lib_a-mallocr.o)
                0x20000cb0                __malloc_top_pad
 .bss.errno     0x20000cb4        0x4 d:/stm32environment/arm/bin/../lib/gcc/arm-none-eabi/10.3.1/../../../../arm-none-eabi/lib/thumb/v7e-m/nofp\libg.a(lib_a-reent.o)
                0x20000cb4                errno
 *(COMMON)
                0x20000cb8                . = ALIGN (0x4)
                0x20000cb8                _ebss = .
                0x20000cb8                __bss_end__ = _ebss

._user_heap_stack
                0x20000cb8      0x600
                0x20000cb8                . = ALIGN (0x8)
                [!provide]                PROVIDE (end = .)
                0x20000cb8                PROVIDE (_end = .)
                0x20000eb8                . = (. + _Min_Heap_Size)
 *fill*         0x20000cb8      0x200 
                0x200012b8                . = (. + _Min_Stack_Size)
 *fill*         0x20000eb8      0x400 
                0x200012b8                . = ALIGN (0x8)

/DISCARD/
 libc.a(*)
 libm.a(*)
 libgcc.a(*)

.ARM.attributes
                0x00000000       0x2a
 *(.ARM.attributes)
 .ARM.attributes
                0x00000000       0x1e d:/stm32environment/arm/bin/../lib/gcc/arm-none-eabi/10.3.1/thumb/v7e-m/nofp/crti.o
 .ARM.attributes
                0x0000001e       0x2e d:/stm32environment/arm/bin/../lib/gcc/arm-none-eabi/10.3.1/thumb/v7e-m/nofp/crtbegin.o
 .ARM.attributes
                0x0000004c       0x2e CMakeFiles/A_6500.elf.dir/Core/Src/gpio.c.obj
 .ARM.attributes
                0x0000007a       0x2e CMakeFiles/A_6500.elf.dir/Core/Src/main.c.obj
 .ARM.attributes
                0x000000a8       0x2e CMakeFiles/A_6500.elf.dir/Core/Src/spi.c.obj
 .ARM.attributes
                0x000000d6       0x2e CMakeFiles/A_6500.elf.dir/Core/Src/stm32f4xx_hal_msp.c.obj
 .ARM.attributes
                0x00000104       0x2e CMakeFiles/A_6500.elf.dir/Core/Src/stm32f4xx_it.c.obj
 .ARM.attributes
                0x00000132       0x2e CMakeFiles/A_6500.elf.dir/Core/Src/syscalls.c.obj
 .ARM.attributes
                0x00000160       0x2e CMakeFiles/A_6500.elf.dir/Core/Src/sysmem.c.obj
 .ARM.attributes
                0x0000018e       0x2e CMakeFiles/A_6500.elf.dir/Core/Src/system_stm32f4xx.c.obj
 .ARM.attributes
                0x000001bc       0x2e CMakeFiles/A_6500.elf.dir/Core/Src/usart.c.obj
 .ARM.attributes
                0x000001ea       0x21 CMakeFiles/A_6500.elf.dir/Core/Startup/startup_stm32f427iihx.s.obj
 .ARM.attributes
                0x0000020b       0x2e CMakeFiles/A_6500.elf.dir/Data_Process/process.c.obj
 .ARM.attributes
                0x00000239       0x2e CMakeFiles/A_6500.elf.dir/Drivers/STM32F4xx_HAL_Driver/Src/stm32f4xx_hal.c.obj
 .ARM.attributes
                0x00000267       0x2e CMakeFiles/A_6500.elf.dir/Drivers/STM32F4xx_HAL_Driver/Src/stm32f4xx_hal_cortex.c.obj
 .ARM.attributes
                0x00000295       0x2e CMakeFiles/A_6500.elf.dir/Drivers/STM32F4xx_HAL_Driver/Src/stm32f4xx_hal_dma.c.obj
 .ARM.attributes
                0x000002c3       0x2e CMakeFiles/A_6500.elf.dir/Drivers/STM32F4xx_HAL_Driver/Src/stm32f4xx_hal_gpio.c.obj
 .ARM.attributes
                0x000002f1       0x2e CMakeFiles/A_6500.elf.dir/Drivers/STM32F4xx_HAL_Driver/Src/stm32f4xx_hal_pwr_ex.c.obj
 .ARM.attributes
                0x0000031f       0x2e CMakeFiles/A_6500.elf.dir/Drivers/STM32F4xx_HAL_Driver/Src/stm32f4xx_hal_rcc.c.obj
 .ARM.attributes
                0x0000034d       0x2e CMakeFiles/A_6500.elf.dir/Drivers/STM32F4xx_HAL_Driver/Src/stm32f4xx_hal_spi.c.obj
 .ARM.attributes
                0x0000037b       0x2e CMakeFiles/A_6500.elf.dir/Drivers/STM32F4xx_HAL_Driver/Src/stm32f4xx_hal_uart.c.obj
 .ARM.attributes
                0x000003a9       0x2e CMakeFiles/A_6500.elf.dir/IST8310/ist8310.c.obj
 .ARM.attributes
                0x000003d7       0x2e CMakeFiles/A_6500.elf.dir/MPU6500/mpu6500.c.obj
 .ARM.attributes
                0x00000405       0x2e CMakeFiles/A_6500.elf.dir/filter/kalman.c.obj
 .ARM.attributes
                0x00000433       0x1e d:/stm32environment/arm/bin/../lib/gcc/arm-none-eabi/10.3.1/thumb/v7e-m/nofp\libgcc.a(_arm_addsubdf3.o)
 .ARM.attributes
                0x00000451       0x1e d:/stm32environment/arm/bin/../lib/gcc/arm-none-eabi/10.3.1/thumb/v7e-m/nofp\libgcc.a(_arm_muldivdf3.o)
 .ARM.attributes
                0x0000046f       0x1e d:/stm32environment/arm/bin/../lib/gcc/arm-none-eabi/10.3.1/thumb/v7e-m/nofp\libgcc.a(_arm_truncdfsf2.o)
 .ARM.attributes
                0x0000048d       0x1e d:/stm32environment/arm/bin/../lib/gcc/arm-none-eabi/10.3.1/thumb/v7e-m/nofp\libgcc.a(_arm_addsubsf3.o)
 .ARM.attributes
                0x000004ab       0x1e d:/stm32environment/arm/bin/../lib/gcc/arm-none-eabi/10.3.1/thumb/v7e-m/nofp\libgcc.a(_arm_muldivsf3.o)
 .ARM.attributes
                0x000004c9       0x1e d:/stm32environment/arm/bin/../lib/gcc/arm-none-eabi/10.3.1/thumb/v7e-m/nofp\libgcc.a(_arm_cmpsf2.o)
 .ARM.attributes
                0x000004e7       0x1e d:/stm32environment/arm/bin/../lib/gcc/arm-none-eabi/10.3.1/thumb/v7e-m/nofp\libgcc.a(_aeabi_uldivmod.o)
 .ARM.attributes
                0x00000505       0x2e d:/stm32environment/arm/bin/../lib/gcc/arm-none-eabi/10.3.1/thumb/v7e-m/nofp\libgcc.a(_udivmoddi4.o)
 .ARM.attributes
                0x00000533       0x1e d:/stm32environment/arm/bin/../lib/gcc/arm-none-eabi/10.3.1/thumb/v7e-m/nofp\libgcc.a(_dvmd_tls.o)
 .ARM.attributes
                0x00000551       0x2e d:/stm32environment/arm/bin/../lib/gcc/arm-none-eabi/10.3.1/../../../../arm-none-eabi/lib/thumb/v7e-m/nofp\libg.a(lib_a-errno.o)
 .ARM.attributes
                0x0000057f       0x2e d:/stm32environment/arm/bin/../lib/gcc/arm-none-eabi/10.3.1/../../../../arm-none-eabi/lib/thumb/v7e-m/nofp\libg.a(lib_a-impure.o)
 .ARM.attributes
                0x000005ad       0x2e d:/stm32environment/arm/bin/../lib/gcc/arm-none-eabi/10.3.1/../../../../arm-none-eabi/lib/thumb/v7e-m/nofp\libg.a(lib_a-init.o)
 .ARM.attributes
                0x000005db       0x2e d:/stm32environment/arm/bin/../lib/gcc/arm-none-eabi/10.3.1/../../../../arm-none-eabi/lib/thumb/v7e-m/nofp\libg.a(lib_a-memset.o)
 .ARM.attributes
                0x00000609       0x2e d:/stm32environment/arm/bin/../lib/gcc/arm-none-eabi/10.3.1/../../../../arm-none-eabi/lib/thumb/v7e-m/nofp\libg.a(lib_a-sprintf.o)
 .ARM.attributes
                0x00000637       0x2e d:/stm32environment/arm/bin/../lib/gcc/arm-none-eabi/10.3.1/../../../../arm-none-eabi/lib/thumb/v7e-m/nofp\libg.a(lib_a-svfprintf.o)
 .ARM.attributes
                0x00000665       0x2e d:/stm32environment/arm/bin/../lib/gcc/arm-none-eabi/10.3.1/../../../../arm-none-eabi/lib/thumb/v7e-m/nofp\libg.a(lib_a-__call_atexit.o)
 .ARM.attributes
                0x00000693       0x2e d:/stm32environment/arm/bin/../lib/gcc/arm-none-eabi/10.3.1/../../../../arm-none-eabi/lib/thumb/v7e-m/nofp\libg.a(lib_a-atexit.o)
 .ARM.attributes
                0x000006c1       0x2e d:/stm32environment/arm/bin/../lib/gcc/arm-none-eabi/10.3.1/../../../../arm-none-eabi/lib/thumb/v7e-m/nofp\libg.a(lib_a-dtoa.o)
 .ARM.attributes
                0x000006ef       0x2e d:/stm32environment/arm/bin/../lib/gcc/arm-none-eabi/10.3.1/../../../../arm-none-eabi/lib/thumb/v7e-m/nofp\libg.a(lib_a-fini.o)
 .ARM.attributes
                0x0000071d       0x2e d:/stm32environment/arm/bin/../lib/gcc/arm-none-eabi/10.3.1/../../../../arm-none-eabi/lib/thumb/v7e-m/nofp\libg.a(lib_a-freer.o)
 .ARM.attributes
                0x0000074b       0x2e d:/stm32environment/arm/bin/../lib/gcc/arm-none-eabi/10.3.1/../../../../arm-none-eabi/lib/thumb/v7e-m/nofp\libg.a(lib_a-localeconv.o)
 .ARM.attributes
                0x00000779       0x2e d:/stm32environment/arm/bin/../lib/gcc/arm-none-eabi/10.3.1/../../../../arm-none-eabi/lib/thumb/v7e-m/nofp\libg.a(lib_a-lock.o)
 .ARM.attributes
                0x000007a7       0x2e d:/stm32environment/arm/bin/../lib/gcc/arm-none-eabi/10.3.1/../../../../arm-none-eabi/lib/thumb/v7e-m/nofp\libg.a(lib_a-mallocr.o)
 .ARM.attributes
                0x000007d5       0x1c d:/stm32environment/arm/bin/../lib/gcc/arm-none-eabi/10.3.1/../../../../arm-none-eabi/lib/thumb/v7e-m/nofp\libg.a(lib_a-memchr.o)
 .ARM.attributes
                0x000007f1       0x1c d:/stm32environment/arm/bin/../lib/gcc/arm-none-eabi/10.3.1/../../../../arm-none-eabi/lib/thumb/v7e-m/nofp\libg.a(lib_a-memcpy.o)
 .ARM.attributes
                0x0000080d       0x2e d:/stm32environment/arm/bin/../lib/gcc/arm-none-eabi/10.3.1/../../../../arm-none-eabi/lib/thumb/v7e-m/nofp\libg.a(lib_a-mlock.o)
 .ARM.attributes
                0x0000083b       0x2e d:/stm32environment/arm/bin/../lib/gcc/arm-none-eabi/10.3.1/../../../../arm-none-eabi/lib/thumb/v7e-m/nofp\libg.a(lib_a-mprec.o)
 .ARM.attributes
                0x00000869       0x2e d:/stm32environment/arm/bin/../lib/gcc/arm-none-eabi/10.3.1/../../../../arm-none-eabi/lib/thumb/v7e-m/nofp\libg.a(lib_a-s_frexp.o)
 .ARM.attributes
                0x00000897       0x2e d:/stm32environment/arm/bin/../lib/gcc/arm-none-eabi/10.3.1/../../../../arm-none-eabi/lib/thumb/v7e-m/nofp\libg.a(lib_a-sbrkr.o)
 .ARM.attributes
                0x000008c5       0x1c d:/stm32environment/arm/bin/../lib/gcc/arm-none-eabi/10.3.1/../../../../arm-none-eabi/lib/thumb/v7e-m/nofp\libg.a(lib_a-strlen.o)
 .ARM.attributes
                0x000008e1       0x2e d:/stm32environment/arm/bin/../lib/gcc/arm-none-eabi/10.3.1/../../../../arm-none-eabi/lib/thumb/v7e-m/nofp\libg.a(lib_a-strncpy.o)
 .ARM.attributes
                0x0000090f       0x2e d:/stm32environment/arm/bin/../lib/gcc/arm-none-eabi/10.3.1/../../../../arm-none-eabi/lib/thumb/v7e-m/nofp\libg.a(lib_a-svfiprintf.o)
 .ARM.attributes
                0x0000093d       0x2e d:/stm32environment/arm/bin/../lib/gcc/arm-none-eabi/10.3.1/../../../../arm-none-eabi/lib/thumb/v7e-m/nofp\libg.a(lib_a-__atexit.o)
 .ARM.attributes
                0x0000096b       0x2e d:/stm32environment/arm/bin/../lib/gcc/arm-none-eabi/10.3.1/../../../../arm-none-eabi/lib/thumb/v7e-m/nofp\libg.a(lib_a-assert.o)
 .ARM.attributes
                0x00000999       0x2e d:/stm32environment/arm/bin/../lib/gcc/arm-none-eabi/10.3.1/../../../../arm-none-eabi/lib/thumb/v7e-m/nofp\libg.a(lib_a-callocr.o)
 .ARM.attributes
                0x000009c7       0x2e d:/stm32environment/arm/bin/../lib/gcc/arm-none-eabi/10.3.1/../../../../arm-none-eabi/lib/thumb/v7e-m/nofp\libg.a(lib_a-fiprintf.o)
 .ARM.attributes
                0x000009f5       0x2e d:/stm32environment/arm/bin/../lib/gcc/arm-none-eabi/10.3.1/../../../../arm-none-eabi/lib/thumb/v7e-m/nofp\libg.a(lib_a-locale.o)
 .ARM.attributes
                0x00000a23       0x2e d:/stm32environment/arm/bin/../lib/gcc/arm-none-eabi/10.3.1/../../../../arm-none-eabi/lib/thumb/v7e-m/nofp\libg.a(lib_a-mbtowc_r.o)
 .ARM.attributes
                0x00000a51       0x2e d:/stm32environment/arm/bin/../lib/gcc/arm-none-eabi/10.3.1/../../../../arm-none-eabi/lib/thumb/v7e-m/nofp\libg.a(lib_a-memmove.o)
 .ARM.attributes
                0x00000a7f       0x2e d:/stm32environment/arm/bin/../lib/gcc/arm-none-eabi/10.3.1/../../../../arm-none-eabi/lib/thumb/v7e-m/nofp\libg.a(lib_a-reallocr.o)
 .ARM.attributes
                0x00000aad       0x2e d:/stm32environment/arm/bin/../lib/gcc/arm-none-eabi/10.3.1/../../../../arm-none-eabi/lib/thumb/v7e-m/nofp\libg.a(lib_a-reent.o)
 .ARM.attributes
                0x00000adb       0x2e d:/stm32environment/arm/bin/../lib/gcc/arm-none-eabi/10.3.1/../../../../arm-none-eabi/lib/thumb/v7e-m/nofp\libg.a(lib_a-vfiprintf.o)
 .ARM.attributes
                0x00000b09       0x2e d:/stm32environment/arm/bin/../lib/gcc/arm-none-eabi/10.3.1/../../../../arm-none-eabi/lib/thumb/v7e-m/nofp\libg.a(lib_a-wctomb_r.o)
 .ARM.attributes
                0x00000b37       0x2e d:/stm32environment/arm/bin/../lib/gcc/arm-none-eabi/10.3.1/../../../../arm-none-eabi/lib/thumb/v7e-m/nofp\libg.a(lib_a-wsetup.o)
 .ARM.attributes
                0x00000b65       0x2e d:/stm32environment/arm/bin/../lib/gcc/arm-none-eabi/10.3.1/../../../../arm-none-eabi/lib/thumb/v7e-m/nofp\libg.a(lib_a-abort.o)
 .ARM.attributes
                0x00000b93       0x2e d:/stm32environment/arm/bin/../lib/gcc/arm-none-eabi/10.3.1/../../../../arm-none-eabi/lib/thumb/v7e-m/nofp\libg.a(lib_a-ctype_.o)
 .ARM.attributes
                0x00000bc1       0x2e d:/stm32environment/arm/bin/../lib/gcc/arm-none-eabi/10.3.1/../../../../arm-none-eabi/lib/thumb/v7e-m/nofp\libg.a(lib_a-fflush.o)
 .ARM.attributes
                0x00000bef       0x2e d:/stm32environment/arm/bin/../lib/gcc/arm-none-eabi/10.3.1/../../../../arm-none-eabi/lib/thumb/v7e-m/nofp\libg.a(lib_a-findfp.o)
 .ARM.attributes
                0x00000c1d       0x2e d:/stm32environment/arm/bin/../lib/gcc/arm-none-eabi/10.3.1/../../../../arm-none-eabi/lib/thumb/v7e-m/nofp\libg.a(lib_a-fputwc.o)
 .ARM.attributes
                0x00000c4b       0x2e d:/stm32environment/arm/bin/../lib/gcc/arm-none-eabi/10.3.1/../../../../arm-none-eabi/lib/thumb/v7e-m/nofp\libg.a(lib_a-fvwrite.o)
 .ARM.attributes
                0x00000c79       0x2e d:/stm32environment/arm/bin/../lib/gcc/arm-none-eabi/10.3.1/../../../../arm-none-eabi/lib/thumb/v7e-m/nofp\libg.a(lib_a-fwalk.o)
 .ARM.attributes
                0x00000ca7       0x2e d:/stm32environment/arm/bin/../lib/gcc/arm-none-eabi/10.3.1/../../../../arm-none-eabi/lib/thumb/v7e-m/nofp\libg.a(lib_a-makebuf.o)
 .ARM.attributes
                0x00000cd5       0x2e d:/stm32environment/arm/bin/../lib/gcc/arm-none-eabi/10.3.1/../../../../arm-none-eabi/lib/thumb/v7e-m/nofp\libg.a(lib_a-signal.o)
 .ARM.attributes
                0x00000d03       0x2e d:/stm32environment/arm/bin/../lib/gcc/arm-none-eabi/10.3.1/../../../../arm-none-eabi/lib/thumb/v7e-m/nofp\libg.a(lib_a-signalr.o)
 .ARM.attributes
                0x00000d31       0x2e d:/stm32environment/arm/bin/../lib/gcc/arm-none-eabi/10.3.1/../../../../arm-none-eabi/lib/thumb/v7e-m/nofp\libg.a(lib_a-stdio.o)
 .ARM.attributes
                0x00000d5f       0x2e d:/stm32environment/arm/bin/../lib/gcc/arm-none-eabi/10.3.1/../../../../arm-none-eabi/lib/thumb/v7e-m/nofp\libg.a(lib_a-wbuf.o)
 .ARM.attributes
                0x00000d8d       0x2e d:/stm32environment/arm/bin/../lib/gcc/arm-none-eabi/10.3.1/../../../../arm-none-eabi/lib/thumb/v7e-m/nofp\libg.a(lib_a-wcrtomb.o)
 .ARM.attributes
                0x00000dbb       0x2e d:/stm32environment/arm/bin/../lib/gcc/arm-none-eabi/10.3.1/../../../../arm-none-eabi/lib/thumb/v7e-m/nofp\libg.a(lib_a-writer.o)
 .ARM.attributes
                0x00000de9       0x2e d:/stm32environment/arm/bin/../lib/gcc/arm-none-eabi/10.3.1/../../../../arm-none-eabi/lib/thumb/v7e-m/nofp\libg.a(lib_a-closer.o)
 .ARM.attributes
                0x00000e17       0x2e d:/stm32environment/arm/bin/../lib/gcc/arm-none-eabi/10.3.1/../../../../arm-none-eabi/lib/thumb/v7e-m/nofp\libg.a(lib_a-fclose.o)
 .ARM.attributes
                0x00000e45       0x2e d:/stm32environment/arm/bin/../lib/gcc/arm-none-eabi/10.3.1/../../../../arm-none-eabi/lib/thumb/v7e-m/nofp\libg.a(lib_a-fstatr.o)
 .ARM.attributes
                0x00000e73       0x2e d:/stm32environment/arm/bin/../lib/gcc/arm-none-eabi/10.3.1/../../../../arm-none-eabi/lib/thumb/v7e-m/nofp\libg.a(lib_a-isattyr.o)
 .ARM.attributes
                0x00000ea1       0x2e d:/stm32environment/arm/bin/../lib/gcc/arm-none-eabi/10.3.1/../../../../arm-none-eabi/lib/thumb/v7e-m/nofp\libg.a(lib_a-lseekr.o)
 .ARM.attributes
                0x00000ecf       0x2e d:/stm32environment/arm/bin/../lib/gcc/arm-none-eabi/10.3.1/../../../../arm-none-eabi/lib/thumb/v7e-m/nofp\libg.a(lib_a-readr.o)
 .ARM.attributes
                0x00000efd       0x1e d:/stm32environment/arm/bin/../lib/gcc/arm-none-eabi/10.3.1/thumb/v7e-m/nofp\libgcc.a(_arm_cmpdf2.o)
 .ARM.attributes
                0x00000f1b       0x1e d:/stm32environment/arm/bin/../lib/gcc/arm-none-eabi/10.3.1/thumb/v7e-m/nofp\libgcc.a(_arm_unorddf2.o)
 .ARM.attributes
                0x00000f39       0x1e d:/stm32environment/arm/bin/../lib/gcc/arm-none-eabi/10.3.1/thumb/v7e-m/nofp\libgcc.a(_arm_fixdfsi.o)
 .ARM.attributes
                0x00000f57       0x1e d:/stm32environment/arm/bin/../lib/gcc/arm-none-eabi/10.3.1/thumb/v7e-m/nofp/crtn.o
OUTPUT(A_6500.elf elf32-littlearm)
LOAD linker stubs
LOAD d:/stm32environment/arm/bin/../lib/gcc/arm-none-eabi/10.3.1/../../../../arm-none-eabi/lib/thumb/v7e-m/nofp\libc.a
LOAD d:/stm32environment/arm/bin/../lib/gcc/arm-none-eabi/10.3.1/../../../../arm-none-eabi/lib/thumb/v7e-m/nofp\libm.a
LOAD d:/stm32environment/arm/bin/../lib/gcc/arm-none-eabi/10.3.1/thumb/v7e-m/nofp\libgcc.a

.debug_info     0x00000000    0x10aa0
 .debug_info    0x00000000      0x494 CMakeFiles/A_6500.elf.dir/Core/Src/gpio.c.obj
 .debug_info    0x00000494      0xda0 CMakeFiles/A_6500.elf.dir/Core/Src/main.c.obj
 .debug_info    0x00001234      0xa35 CMakeFiles/A_6500.elf.dir/Core/Src/spi.c.obj
 .debug_info    0x00001c69      0x2c0 CMakeFiles/A_6500.elf.dir/Core/Src/stm32f4xx_hal_msp.c.obj
 .debug_info    0x00001f29      0x693 CMakeFiles/A_6500.elf.dir/Core/Src/stm32f4xx_it.c.obj
 .debug_info    0x000025bc      0x7af CMakeFiles/A_6500.elf.dir/Core/Src/syscalls.c.obj
 .debug_info    0x00002d6b      0x174 CMakeFiles/A_6500.elf.dir/Core/Src/sysmem.c.obj
 .debug_info    0x00002edf      0x399 CMakeFiles/A_6500.elf.dir/Core/Src/system_stm32f4xx.c.obj
 .debug_info    0x00003278      0xcc6 CMakeFiles/A_6500.elf.dir/Core/Src/usart.c.obj
 .debug_info    0x00003f3e       0x22 CMakeFiles/A_6500.elf.dir/Core/Startup/startup_stm32f427iihx.s.obj
 .debug_info    0x00003f60      0xfd7 CMakeFiles/A_6500.elf.dir/Data_Process/process.c.obj
 .debug_info    0x00004f37      0xa5c CMakeFiles/A_6500.elf.dir/Drivers/STM32F4xx_HAL_Driver/Src/stm32f4xx_hal.c.obj
 .debug_info    0x00005993     0x10d5 CMakeFiles/A_6500.elf.dir/Drivers/STM32F4xx_HAL_Driver/Src/stm32f4xx_hal_cortex.c.obj
 .debug_info    0x00006a68      0xb3f CMakeFiles/A_6500.elf.dir/Drivers/STM32F4xx_HAL_Driver/Src/stm32f4xx_hal_dma.c.obj
 .debug_info    0x000075a7      0x7cc CMakeFiles/A_6500.elf.dir/Drivers/STM32F4xx_HAL_Driver/Src/stm32f4xx_hal_gpio.c.obj
 .debug_info    0x00007d73      0x7bb CMakeFiles/A_6500.elf.dir/Drivers/STM32F4xx_HAL_Driver/Src/stm32f4xx_hal_pwr_ex.c.obj
 .debug_info    0x0000852e      0xb1f CMakeFiles/A_6500.elf.dir/Drivers/STM32F4xx_HAL_Driver/Src/stm32f4xx_hal_rcc.c.obj
 .debug_info    0x0000904d     0x1eb9 CMakeFiles/A_6500.elf.dir/Drivers/STM32F4xx_HAL_Driver/Src/stm32f4xx_hal_spi.c.obj
 .debug_info    0x0000af06     0x418f CMakeFiles/A_6500.elf.dir/Drivers/STM32F4xx_HAL_Driver/Src/stm32f4xx_hal_uart.c.obj
 .debug_info    0x0000f095      0x814 CMakeFiles/A_6500.elf.dir/IST8310/ist8310.c.obj
 .debug_info    0x0000f8a9     0x1057 CMakeFiles/A_6500.elf.dir/MPU6500/mpu6500.c.obj
 .debug_info    0x00010900      0x1a0 CMakeFiles/A_6500.elf.dir/filter/kalman.c.obj

.debug_abbrev   0x00000000     0x26bc
 .debug_abbrev  0x00000000      0x14e CMakeFiles/A_6500.elf.dir/Core/Src/gpio.c.obj
 .debug_abbrev  0x0000014e      0x25a CMakeFiles/A_6500.elf.dir/Core/Src/main.c.obj
 .debug_abbrev  0x000003a8      0x1d3 CMakeFiles/A_6500.elf.dir/Core/Src/spi.c.obj
 .debug_abbrev  0x0000057b       0xd1 CMakeFiles/A_6500.elf.dir/Core/Src/stm32f4xx_hal_msp.c.obj
 .debug_abbrev  0x0000064c      0x16e CMakeFiles/A_6500.elf.dir/Core/Src/stm32f4xx_it.c.obj
 .debug_abbrev  0x000007ba      0x1a3 CMakeFiles/A_6500.elf.dir/Core/Src/syscalls.c.obj
 .debug_abbrev  0x0000095d       0xe7 CMakeFiles/A_6500.elf.dir/Core/Src/sysmem.c.obj
 .debug_abbrev  0x00000a44      0x119 CMakeFiles/A_6500.elf.dir/Core/Src/system_stm32f4xx.c.obj
 .debug_abbrev  0x00000b5d      0x1e3 CMakeFiles/A_6500.elf.dir/Core/Src/usart.c.obj
 .debug_abbrev  0x00000d40       0x12 CMakeFiles/A_6500.elf.dir/Core/Startup/startup_stm32f427iihx.s.obj
 .debug_abbrev  0x00000d52      0x157 CMakeFiles/A_6500.elf.dir/Data_Process/process.c.obj
 .debug_abbrev  0x00000ea9      0x206 CMakeFiles/A_6500.elf.dir/Drivers/STM32F4xx_HAL_Driver/Src/stm32f4xx_hal.c.obj
 .debug_abbrev  0x000010af      0x36a CMakeFiles/A_6500.elf.dir/Drivers/STM32F4xx_HAL_Driver/Src/stm32f4xx_hal_cortex.c.obj
 .debug_abbrev  0x00001419      0x2c2 CMakeFiles/A_6500.elf.dir/Drivers/STM32F4xx_HAL_Driver/Src/stm32f4xx_hal_dma.c.obj
 .debug_abbrev  0x000016db      0x1ef CMakeFiles/A_6500.elf.dir/Drivers/STM32F4xx_HAL_Driver/Src/stm32f4xx_hal_gpio.c.obj
 .debug_abbrev  0x000018ca      0x1c0 CMakeFiles/A_6500.elf.dir/Drivers/STM32F4xx_HAL_Driver/Src/stm32f4xx_hal_pwr_ex.c.obj
 .debug_abbrev  0x00001a8a      0x28a CMakeFiles/A_6500.elf.dir/Drivers/STM32F4xx_HAL_Driver/Src/stm32f4xx_hal_rcc.c.obj
 .debug_abbrev  0x00001d14      0x25b CMakeFiles/A_6500.elf.dir/Drivers/STM32F4xx_HAL_Driver/Src/stm32f4xx_hal_spi.c.obj
 .debug_abbrev  0x00001f6f      0x2fd CMakeFiles/A_6500.elf.dir/Drivers/STM32F4xx_HAL_Driver/Src/stm32f4xx_hal_uart.c.obj
 .debug_abbrev  0x0000226c      0x127 CMakeFiles/A_6500.elf.dir/IST8310/ist8310.c.obj
 .debug_abbrev  0x00002393      0x280 CMakeFiles/A_6500.elf.dir/MPU6500/mpu6500.c.obj
 .debug_abbrev  0x00002613       0xa9 CMakeFiles/A_6500.elf.dir/filter/kalman.c.obj

.debug_aranges  0x00000000      0xa98
 .debug_aranges
                0x00000000       0x20 CMakeFiles/A_6500.elf.dir/Core/Src/gpio.c.obj
 .debug_aranges
                0x00000020       0x30 CMakeFiles/A_6500.elf.dir/Core/Src/main.c.obj
 .debug_aranges
                0x00000050       0x30 CMakeFiles/A_6500.elf.dir/Core/Src/spi.c.obj
 .debug_aranges
                0x00000080       0x20 CMakeFiles/A_6500.elf.dir/Core/Src/stm32f4xx_hal_msp.c.obj
 .debug_aranges
                0x000000a0       0x68 CMakeFiles/A_6500.elf.dir/Core/Src/stm32f4xx_it.c.obj
 .debug_aranges
                0x00000108       0xa8 CMakeFiles/A_6500.elf.dir/Core/Src/syscalls.c.obj
 .debug_aranges
                0x000001b0       0x20 CMakeFiles/A_6500.elf.dir/Core/Src/sysmem.c.obj
 .debug_aranges
                0x000001d0       0x28 CMakeFiles/A_6500.elf.dir/Core/Src/system_stm32f4xx.c.obj
 .debug_aranges
                0x000001f8       0x30 CMakeFiles/A_6500.elf.dir/Core/Src/usart.c.obj
 .debug_aranges
                0x00000228       0x28 CMakeFiles/A_6500.elf.dir/Core/Startup/startup_stm32f427iihx.s.obj
 .debug_aranges
                0x00000250       0x20 CMakeFiles/A_6500.elf.dir/Data_Process/process.c.obj
 .debug_aranges
                0x00000270      0x100 CMakeFiles/A_6500.elf.dir/Drivers/STM32F4xx_HAL_Driver/Src/stm32f4xx_hal.c.obj
 .debug_aranges
                0x00000370       0xb0 CMakeFiles/A_6500.elf.dir/Drivers/STM32F4xx_HAL_Driver/Src/stm32f4xx_hal_cortex.c.obj
 .debug_aranges
                0x00000420       0x90 CMakeFiles/A_6500.elf.dir/Drivers/STM32F4xx_HAL_Driver/Src/stm32f4xx_hal_dma.c.obj
 .debug_aranges
                0x000004b0       0x58 CMakeFiles/A_6500.elf.dir/Drivers/STM32F4xx_HAL_Driver/Src/stm32f4xx_hal_gpio.c.obj
 .debug_aranges
                0x00000508       0x60 CMakeFiles/A_6500.elf.dir/Drivers/STM32F4xx_HAL_Driver/Src/stm32f4xx_hal_pwr_ex.c.obj
 .debug_aranges
                0x00000568       0x88 CMakeFiles/A_6500.elf.dir/Drivers/STM32F4xx_HAL_Driver/Src/stm32f4xx_hal_rcc.c.obj
 .debug_aranges
                0x000005f0      0x1d0 CMakeFiles/A_6500.elf.dir/Drivers/STM32F4xx_HAL_Driver/Src/stm32f4xx_hal_spi.c.obj
 .debug_aranges
                0x000007c0      0x208 CMakeFiles/A_6500.elf.dir/Drivers/STM32F4xx_HAL_Driver/Src/stm32f4xx_hal_uart.c.obj
 .debug_aranges
                0x000009c8       0x40 CMakeFiles/A_6500.elf.dir/IST8310/ist8310.c.obj
 .debug_aranges
                0x00000a08       0x70 CMakeFiles/A_6500.elf.dir/MPU6500/mpu6500.c.obj
 .debug_aranges
                0x00000a78       0x20 CMakeFiles/A_6500.elf.dir/filter/kalman.c.obj

.debug_ranges   0x00000000      0x9d0
 .debug_ranges  0x00000000       0x10 CMakeFiles/A_6500.elf.dir/Core/Src/gpio.c.obj
 .debug_ranges  0x00000010       0x20 CMakeFiles/A_6500.elf.dir/Core/Src/main.c.obj
 .debug_ranges  0x00000030       0x20 CMakeFiles/A_6500.elf.dir/Core/Src/spi.c.obj
 .debug_ranges  0x00000050       0x10 CMakeFiles/A_6500.elf.dir/Core/Src/stm32f4xx_hal_msp.c.obj
 .debug_ranges  0x00000060       0x58 CMakeFiles/A_6500.elf.dir/Core/Src/stm32f4xx_it.c.obj
 .debug_ranges  0x000000b8       0x98 CMakeFiles/A_6500.elf.dir/Core/Src/syscalls.c.obj
 .debug_ranges  0x00000150       0x10 CMakeFiles/A_6500.elf.dir/Core/Src/sysmem.c.obj
 .debug_ranges  0x00000160       0x18 CMakeFiles/A_6500.elf.dir/Core/Src/system_stm32f4xx.c.obj
 .debug_ranges  0x00000178       0x20 CMakeFiles/A_6500.elf.dir/Core/Src/usart.c.obj
 .debug_ranges  0x00000198       0x20 CMakeFiles/A_6500.elf.dir/Core/Startup/startup_stm32f427iihx.s.obj
 .debug_ranges  0x000001b8       0x10 CMakeFiles/A_6500.elf.dir/Data_Process/process.c.obj
 .debug_ranges  0x000001c8       0xf0 CMakeFiles/A_6500.elf.dir/Drivers/STM32F4xx_HAL_Driver/Src/stm32f4xx_hal.c.obj
 .debug_ranges  0x000002b8      0x100 CMakeFiles/A_6500.elf.dir/Drivers/STM32F4xx_HAL_Driver/Src/stm32f4xx_hal_cortex.c.obj
 .debug_ranges  0x000003b8       0x80 CMakeFiles/A_6500.elf.dir/Drivers/STM32F4xx_HAL_Driver/Src/stm32f4xx_hal_dma.c.obj